Archive member included to satisfy reference by file (symbol)

C:/ST/STM32CubeIDE_1.16.1/STM32CubeIDE/plugins/com.st.stm32cube.ide.mcu.externaltools.gnu-tools-for-stm32.12.3.rel1.win32_1.0.200.202406191623/tools/bin/../lib/gcc/arm-none-eabi/12.3.1/../../../../arm-none-eabi/lib/thumb/v7e-m+dp/hard\libc_nano.a(libc_a-atoi.o)
                              ./Core/Src/main.o (atoi)
C:/ST/STM32CubeIDE_1.16.1/STM32CubeIDE/plugins/com.st.stm32cube.ide.mcu.externaltools.gnu-tools-for-stm32.12.3.rel1.win32_1.0.200.202406191623/tools/bin/../lib/gcc/arm-none-eabi/12.3.1/../../../../arm-none-eabi/lib/thumb/v7e-m+dp/hard\libc_nano.a(libc_a-exit.o)
                              C:/ST/STM32CubeIDE_1.16.1/STM32CubeIDE/plugins/com.st.stm32cube.ide.mcu.externaltools.gnu-tools-for-stm32.12.3.rel1.win32_1.0.200.202406191623/tools/bin/../lib/gcc/arm-none-eabi/12.3.1/../../../../arm-none-eabi/lib/thumb/v7e-m+dp/hard/crt0.o (exit)
C:/ST/STM32CubeIDE_1.16.1/STM32CubeIDE/plugins/com.st.stm32cube.ide.mcu.externaltools.gnu-tools-for-stm32.12.3.rel1.win32_1.0.200.202406191623/tools/bin/../lib/gcc/arm-none-eabi/12.3.1/../../../../arm-none-eabi/lib/thumb/v7e-m+dp/hard\libc_nano.a(libc_a-strtol.o)
                              C:/ST/STM32CubeIDE_1.16.1/STM32CubeIDE/plugins/com.st.stm32cube.ide.mcu.externaltools.gnu-tools-for-stm32.12.3.rel1.win32_1.0.200.202406191623/tools/bin/../lib/gcc/arm-none-eabi/12.3.1/../../../../arm-none-eabi/lib/thumb/v7e-m+dp/hard\libc_nano.a(libc_a-atoi.o) (_strtol_r)
C:/ST/STM32CubeIDE_1.16.1/STM32CubeIDE/plugins/com.st.stm32cube.ide.mcu.externaltools.gnu-tools-for-stm32.12.3.rel1.win32_1.0.200.202406191623/tools/bin/../lib/gcc/arm-none-eabi/12.3.1/../../../../arm-none-eabi/lib/thumb/v7e-m+dp/hard\libc_nano.a(libc_a-ctype_.o)
                              C:/ST/STM32CubeIDE_1.16.1/STM32CubeIDE/plugins/com.st.stm32cube.ide.mcu.externaltools.gnu-tools-for-stm32.12.3.rel1.win32_1.0.200.202406191623/tools/bin/../lib/gcc/arm-none-eabi/12.3.1/../../../../arm-none-eabi/lib/thumb/v7e-m+dp/hard\libc_nano.a(libc_a-strtol.o) (_ctype_)
C:/ST/STM32CubeIDE_1.16.1/STM32CubeIDE/plugins/com.st.stm32cube.ide.mcu.externaltools.gnu-tools-for-stm32.12.3.rel1.win32_1.0.200.202406191623/tools/bin/../lib/gcc/arm-none-eabi/12.3.1/../../../../arm-none-eabi/lib/thumb/v7e-m+dp/hard\libc_nano.a(libc_a-findfp.o)
                              C:/ST/STM32CubeIDE_1.16.1/STM32CubeIDE/plugins/com.st.stm32cube.ide.mcu.externaltools.gnu-tools-for-stm32.12.3.rel1.win32_1.0.200.202406191623/tools/bin/../lib/gcc/arm-none-eabi/12.3.1/../../../../arm-none-eabi/lib/thumb/v7e-m+dp/hard\libc_nano.a(libc_a-exit.o) (__stdio_exit_handler)
C:/ST/STM32CubeIDE_1.16.1/STM32CubeIDE/plugins/com.st.stm32cube.ide.mcu.externaltools.gnu-tools-for-stm32.12.3.rel1.win32_1.0.200.202406191623/tools/bin/../lib/gcc/arm-none-eabi/12.3.1/../../../../arm-none-eabi/lib/thumb/v7e-m+dp/hard\libc_nano.a(libc_a-fwalk.o)
                              C:/ST/STM32CubeIDE_1.16.1/STM32CubeIDE/plugins/com.st.stm32cube.ide.mcu.externaltools.gnu-tools-for-stm32.12.3.rel1.win32_1.0.200.202406191623/tools/bin/../lib/gcc/arm-none-eabi/12.3.1/../../../../arm-none-eabi/lib/thumb/v7e-m+dp/hard\libc_nano.a(libc_a-findfp.o) (_fwalk_sglue)
C:/ST/STM32CubeIDE_1.16.1/STM32CubeIDE/plugins/com.st.stm32cube.ide.mcu.externaltools.gnu-tools-for-stm32.12.3.rel1.win32_1.0.200.202406191623/tools/bin/../lib/gcc/arm-none-eabi/12.3.1/../../../../arm-none-eabi/lib/thumb/v7e-m+dp/hard\libc_nano.a(libc_a-sprintf.o)
                              ./Core/Src/main.o (sprintf)
C:/ST/STM32CubeIDE_1.16.1/STM32CubeIDE/plugins/com.st.stm32cube.ide.mcu.externaltools.gnu-tools-for-stm32.12.3.rel1.win32_1.0.200.202406191623/tools/bin/../lib/gcc/arm-none-eabi/12.3.1/../../../../arm-none-eabi/lib/thumb/v7e-m+dp/hard\libc_nano.a(libc_a-stdio.o)
                              C:/ST/STM32CubeIDE_1.16.1/STM32CubeIDE/plugins/com.st.stm32cube.ide.mcu.externaltools.gnu-tools-for-stm32.12.3.rel1.win32_1.0.200.202406191623/tools/bin/../lib/gcc/arm-none-eabi/12.3.1/../../../../arm-none-eabi/lib/thumb/v7e-m+dp/hard\libc_nano.a(libc_a-findfp.o) (__sread)
C:/ST/STM32CubeIDE_1.16.1/STM32CubeIDE/plugins/com.st.stm32cube.ide.mcu.externaltools.gnu-tools-for-stm32.12.3.rel1.win32_1.0.200.202406191623/tools/bin/../lib/gcc/arm-none-eabi/12.3.1/../../../../arm-none-eabi/lib/thumb/v7e-m+dp/hard\libc_nano.a(libc_a-memset.o)
                              C:/ST/STM32CubeIDE_1.16.1/STM32CubeIDE/plugins/com.st.stm32cube.ide.mcu.externaltools.gnu-tools-for-stm32.12.3.rel1.win32_1.0.200.202406191623/tools/bin/../lib/gcc/arm-none-eabi/12.3.1/../../../../arm-none-eabi/lib/thumb/v7e-m+dp/hard/crt0.o (memset)
C:/ST/STM32CubeIDE_1.16.1/STM32CubeIDE/plugins/com.st.stm32cube.ide.mcu.externaltools.gnu-tools-for-stm32.12.3.rel1.win32_1.0.200.202406191623/tools/bin/../lib/gcc/arm-none-eabi/12.3.1/../../../../arm-none-eabi/lib/thumb/v7e-m+dp/hard\libc_nano.a(libc_a-closer.o)
[...]
Memory Configuration

Name             Origin             Length             Attributes
RAM              0x20000000         0x00080000         xrw
FLASH            0x08000000         0x00200000         xr
*default*        0x00000000         0xffffffff

Linker script and memory map

LOAD C:/ST/STM32CubeIDE_1.16.1/STM32CubeIDE/plugins/com.st.stm32cube.ide.mcu.externaltools.gnu-tools-for-stm32.12.3.rel1.win32_1.0.200.202406191623/tools/bin/../lib/gcc/arm-none-eabi/12.3.1/thumb/v7e-m+dp/hard/crti.o
LOAD C:/ST/STM32CubeIDE_1.16.1/STM32CubeIDE/plugins/com.st.stm32cube.ide.mcu.externaltools.gnu-tools-for-stm32.12.3.rel1.win32_1.0.200.202406191623/tools/bin/../lib/gcc/arm-none-eabi/12.3.1/thumb/v7e-m+dp/hard/crtbegin.o
LOAD C:/ST/STM32CubeIDE_1.16.1/STM32CubeIDE/plugins/com.st.stm32cube.ide.mcu.externaltools.gnu-tools-for-stm32.12.3.rel1.win32_1.0.200.202406191623/tools/bin/../lib/gcc/arm-none-eabi/12.3.1/../../../../arm-none-eabi/lib/thumb/v7e-m+dp/hard/crt0.o
LOAD ./Core/Src/btn.o
LOAD ./Core/Src/dio.o
LOAD ./Core/Src/gpio.o
LOAD ./Core/Src/i2c.o
LOAD ./Core/Src/keypad.o
LOAD ./Core/Src/main.o
LOAD ./Core/Src/pwm.o
LOAD ./Core/Src/rc522.o
LOAD ./Core/Src/servo.o
LOAD ./Core/Src/spi.o
LOAD ./Core/Src/stm32f7xx_hal_msp.o
LOAD ./Core/Src/stm32f7xx_it.o
LOAD ./Core/Src/syscalls.o
LOAD ./Core/Src/sysmem.o
LOAD ./Core/Src/system_stm32f7xx.o
LOAD ./Core/Src/tim.o
LOAD ./Core/Src/usart.o
LOAD ./Core/Src/usb_otg.o
LOAD ./Core/Startup/startup_stm32f767zitx.o
LOAD ./Drivers/STM32F7xx_HAL_Driver/Src/stm32f7xx_hal.o
LOAD ./Drivers/STM32F7xx_HAL_Driver/Src/stm32f7xx_hal_cortex.o
LOAD ./Drivers/STM32F7xx_HAL_Driver/Src/stm32f7xx_hal_dma.o
LOAD ./Drivers/STM32F7xx_HAL_Driver/Src/stm32f7xx_hal_dma_ex.o
LOAD ./Drivers/STM32F7xx_HAL_Driver/Src/stm32f7xx_hal_exti.o
LOAD ./Drivers/STM32F7xx_HAL_Driver/Src/stm32f7xx_hal_flash.o
LOAD ./Drivers/STM32F7xx_HAL_Driver/Src/stm32f7xx_hal_flash_ex.o
LOAD ./Drivers/STM32F7xx_HAL_Driver/Src/stm32f7xx_hal_gpio.o
LOAD ./Drivers/STM32F7xx_HAL_Driver/Src/stm32f7xx_hal_i2c.o
LOAD ./Drivers/STM32F7xx_HAL_Driver/Src/stm32f7xx_hal_i2c_ex.o
LOAD ./Drivers/STM32F7xx_HAL_Driver/Src/stm32f7xx_hal_pcd.o
LOAD ./Drivers/STM32F7xx_HAL_Driver/Src/stm32f7xx_hal_pcd_ex.o
LOAD ./Drivers/STM32F7xx_HAL_Driver/Src/stm32f7xx_hal_pwr.o
LOAD ./Drivers/STM32F7xx_HAL_Driver/Src/stm32f7xx_hal_pwr_ex.o
LOAD ./Drivers/STM32F7xx_HAL_Driver/Src/stm32f7xx_hal_rcc.o
LOAD ./Drivers/STM32F7xx_HAL_Driver/Src/stm32f7xx_hal_rcc_ex.o
LOAD ./Drivers/STM32F7xx_HAL_Driver/Src/stm32f7xx_hal_spi.o
LOAD ./Drivers/STM32F7xx_HAL_Driver/Src/stm32f7xx_hal_spi_ex.o
LOAD ./Drivers/STM32F7xx_HAL_Driver/Src/stm32f7xx_hal_tim.o
LOAD ./Drivers/STM32F7xx_HAL_Driver/Src/stm32f7xx_hal_tim_ex.o
LOAD ./Drivers/STM32F7xx_HAL_Driver/Src/stm32f7xx_hal_uart.o
LOAD ./Drivers/STM32F7xx_HAL_Driver/Src/stm32f7xx_hal_uart_ex.o
LOAD ./Drivers/STM32F7xx_HAL_Driver/Src/stm32f7xx_ll_usb.o
START GROUP
LOAD C:/ST/STM32CubeIDE_1.16.1/STM32CubeIDE/plugins/com.st.stm32cube.ide.mcu.externaltools.gnu-tools-for-stm32.12.3.rel1.win32_1.0.200.202406191623/tools/bin/../lib/gcc/arm-none-eabi/12.3.1/../../../../arm-none-eabi/lib/thumb/v7e-m+dp/hard\libc_nano.a
LOAD C:/ST/STM32CubeIDE_1.16.1/STM32CubeIDE/plugins/com.st.stm32cube.ide.mcu.externaltools.gnu-tools-for-stm32.12.3.rel1.win32_1.0.200.202406191623/tools/bin/../lib/gcc/arm-none-eabi/12.3.1/../../../../arm-none-eabi/lib/thumb/v7e-m+dp/hard\libm.a
END GROUP
START GROUP
LOAD C:/ST/STM32CubeIDE_1.16.1/STM32CubeIDE/plugins/com.st.stm32cube.ide.mcu.externaltools.gnu-tools-for-stm32.12.3.rel1.win32_1.0.200.202406191623/tools/bin/../lib/gcc/arm-none-eabi/12.3.1/thumb/v7e-m+dp/hard\libgcc.a
LOAD C:/ST/STM32CubeIDE_1.16.1/STM32CubeIDE/plugins/com.st.stm32cube.ide.mcu.externaltools.gnu-tools-for-stm32.12.3.rel1.win32_1.0.200.202406191623/tools/bin/../lib/gcc/arm-none-eabi/12.3.1/../../../../arm-none-eabi/lib/thumb/v7e-m+dp/hard\libc_nano.a
END GROUP
START GROUP
LOAD C:/ST/STM32CubeIDE_1.16.1/STM32CubeIDE/plugins/com.st.stm32cube.ide.mcu.externaltools.gnu-tools-for-stm32.12.3.rel1.win32_1.0.200.202406191623/tools/bin/../lib/gcc/arm-none-eabi/12.3.1/thumb/v7e-m+dp/hard\libgcc.a
LOAD C:/ST/STM32CubeIDE_1.16.1/STM32CubeIDE/plugins/com.st.stm32cube.ide.mcu.externaltools.gnu-tools-for-stm32.12.3.rel1.win32_1.0.200.202406191623/tools/bin/../lib/gcc/arm-none-eabi/12.3.1/../../../../arm-none-eabi/lib/thumb/v7e-m+dp/hard\libc_nano.a
LOAD C:/ST/STM32CubeIDE_1.16.1/STM32CubeIDE/plugins/com.st.stm32cube.ide.mcu.externaltools.gnu-tools-for-stm32.12.3.rel1.win32_1.0.200.202406191623/tools/bin/../lib/gcc/arm-none-eabi/12.3.1/../../../../arm-none-eabi/lib/thumb/v7e-m+dp/hard\libnosys.a
END GROUP
START GROUP
LOAD C:/ST/STM32CubeIDE_1.16.1/STM32CubeIDE/plugins/com.st.stm32cube.ide.mcu.externaltools.gnu-tools-for-stm32.12.3.rel1.win32_1.0.200.202406191623/tools/bin/../lib/gcc/arm-none-eabi/12.3.1/thumb/v7e-m+dp/hard\libgcc.a
LOAD C:/ST/STM32CubeIDE_1.16.1/STM32CubeIDE/plugins/com.st.stm32cube.ide.mcu.externaltools.gnu-tools-for-stm32.12.3.rel1.win32_1.0.200.202406191623/tools/bin/../lib/gcc/arm-none-eabi/12.3.1/../../../../arm-none-eabi/lib/thumb/v7e-m+dp/hard\libc_nano.a
LOAD C:/ST/STM32CubeIDE_1.16.1/STM32CubeIDE/plugins/com.st.stm32cube.ide.mcu.externaltools.gnu-tools-for-stm32.12.3.rel1.win32_1.0.200.202406191623/tools/bin/../lib/gcc/arm-none-eabi/12.3.1/../../../../arm-none-eabi/lib/thumb/v7e-m+dp/hard\libnosys.a
END GROUP
LOAD C:/ST/STM32CubeIDE_1.16.1/STM32CubeIDE/plugins/com.st.stm32cube.ide.mcu.externaltools.gnu-tools-for-stm32.12.3.rel1.win32_1.0.200.202406191623/tools/bin/../lib/gcc/arm-none-eabi/12.3.1/thumb/v7e-m+dp/hard/crtend.o
LOAD C:/ST/STM32CubeIDE_1.16.1/STM32CubeIDE/plugins/com.st.stm32cube.ide.mcu.externaltools.gnu-tools-for-stm32.12.3.rel1.win32_1.0.200.202406191623/tools/bin/../lib/gcc/arm-none-eabi/12.3.1/thumb/v7e-m+dp/hard/crtn.o
                0x20080000                        _estack = (ORIGIN (RAM) + LENGTH (RAM))
                0x00000200                        _Min_Heap_Size = 0x200
                0x00000400                        _Min_Stack_Size = 0x400

.isr_vector     0x08000000      0x1f8
                0x08000000                        . = ALIGN (0x4)
 *(.isr_vector)
 .isr_vector    0x08000000      0x1f8 ./Core/Startup/startup_stm32f767zitx.o
                0x08000000                g_pfnVectors
                0x080001f8                        . = ALIGN (0x4)

.text           0x08000200     0x807c
                0x08000200                        . = ALIGN (0x4)
 *(.text)
 .text          0x08000200       0x40 C:/ST/STM32CubeIDE_1.16.1/STM32CubeIDE/plugins/com.st.stm32cube.ide.mcu.externaltools.gnu-tools-for-stm32.12.3.rel1.win32_1.0.200.202406191623/tools/bin/../lib/gcc/arm-none-eabi/12.3.1/thumb/v7e-m+dp/hard/crtbegin.o
 .text          0x08000240       0x10 C:/ST/STM32CubeIDE_1.16.1/STM32CubeIDE/plugins/com.st.stm32cube.ide.mcu.externaltools.gnu-tools-for-stm32.12.3.rel1.win32_1.0.200.202406191623/tools/bin/../lib/gcc/arm-none-eabi/12.3.1/../../../../arm-none-eabi/lib/thumb/v7e-m+dp/hard\libc_nano.a(libc_a-strlen.o)
                0x08000240                strlen
 .text          0x08000250       0xa0 C:/ST/STM32CubeIDE_1.16.1/STM32CubeIDE/plugins/com.st.stm32cube.ide.mcu.externaltools.gnu-tools-for-stm32.12.3.rel1.win32_1.0.200.202406191623/tools/bin/../lib/gcc/arm-none-eabi/12.3.1/../../../../arm-none-eabi/lib/thumb/v7e-m+dp/hard\libc_nano.a(libc_a-memchr.o)
                0x08000250                memchr
 .text          0x080002f0       0x30 C:/ST/STM32CubeIDE_1.16.1/STM32CubeIDE/plugins/com.st.stm32cube.ide.mcu.externaltools.gnu-tools-for-stm32.12.3.rel1.win32_1.0.200.202406191623/tools/bin/../lib/gcc/arm-none-eabi/12.3.1/thumb/v7e-m+dp/hard\libgcc.a(_aeabi_uldivmod.o)
                0x080002f0                __aeabi_uldivmod
 .text          0x08000320      0x2bc C:/ST/STM32CubeIDE_1.16.1/STM32CubeIDE/plugins/com.st.stm32cube.ide.mcu.externaltools.gnu-tools-for-stm32.12.3.rel1.win32_1.0.200.202406191623/tools/bin/../lib/gcc/arm-none-eabi/12.3.1/thumb/v7e-m+dp/hard\libgcc.a(_udivmoddi4.o)
                0x08000320                __udivmoddi4
 .text          0x080005dc        0x4 C:/ST/STM32CubeIDE_1.16.1/STM32CubeIDE/plugins/com.st.stm32cube.ide.mcu.externaltools.gnu-tools-for-stm32.12.3.rel1.win32_1.0.200.202406191623/tools/bin/../lib/gcc/arm-none-eabi/12.3.1/thumb/v7e-m+dp/hard\libgcc.a(_dvmd_tls.o)
                0x080005dc                __aeabi_idiv0
                0x080005dc                __aeabi_ldiv0
 *(.text*)
 .text.BTN_DIO_Read
                0x080005e0       0x30 ./Core/Src/btn.o
                0x080005e0                BTN_DIO_Read
 .text.BTN_DIO_EdgeDetected
                0x08000610       0x4c ./Core/Src/btn.o
                0x08000610                BTN_DIO_EdgeDetected
 .text.DIO_Write
                0x0800065c       0x24 ./Core/Src/dio.o
                0x0800065c                DIO_Write
 .text.DIO_Read
                0x08000680       0x2c ./Core/Src/dio.o
                0x08000680                DIO_Read
 .text.MX_GPIO_Init
                0x080006ac      0x2c0 ./Core/Src/gpio.o
                0x080006ac                MX_GPIO_Init
 .text.MX_I2C1_Init
                0x0800096c       0x80 ./Core/Src/i2c.o
                0x0800096c                MX_I2C1_Init
 .text.HAL_I2C_MspInit
                0x080009ec       0xc0 ./Core/Src/i2c.o
                0x080009ec                HAL_I2C_MspInit
 .text.KEYPAD_GetKey
                0x08000aac       0xc0 ./Core/Src/keypad.o
                0x08000aac                KEYPAD_GetKey
 .text.lcd_send_cmd
                0x08000b6c       0x64 ./Core/Src/main.o
                0x08000b6c                lcd_send_cmd
 .text.lcd_send_data
                0x08000bd0       0x60 ./Core/Src/main.o
                0x08000bd0                lcd_send_data
 .text.lcd_init
                0x08000c30       0x44 ./Core/Src/main.o
                0x08000c30                lcd_init
 .text.lcd_send_string
                0x08000c74       0x2a ./Core/Src/main.o
                0x08000c74                lcd_send_string
 *fill*         0x08000c9e        0x2 
 .text.main     0x08000ca0      0x4e0 ./Core/Src/main.o
                0x08000ca0                main
 .text.SystemClock_Config
                0x08001180       0xe4 ./Core/Src/main.o
                0x08001180                SystemClock_Config
 .text.Error_Handler
                0x08001264        0xc ./Core/Src/main.o
                0x08001264                Error_Handler
 .text.PWM_Init
                0x08001270       0x30 ./Core/Src/pwm.o
                0x08001270                PWM_Init
 .text.PWM_WriteDuty
                0x080012a0       0xec ./Core/Src/pwm.o
                0x080012a0                PWM_WriteDuty
 .text.RC522_SPI_Transfer
                0x0800138c       0x2c ./Core/Src/rc522.o
                0x0800138c                RC522_SPI_Transfer
 .text.Write_MFRC522
                0x080013b8       0x50 ./Core/Src/rc522.o
                0x080013b8                Write_MFRC522
 .text.Read_MFRC522
                0x08001408       0x54 ./Core/Src/rc522.o
                0x08001408                Read_MFRC522
 .text.SetBitMask
                0x0800145c       0x36 ./Core/Src/rc522.o
                0x0800145c                SetBitMask
 .text.ClearBitMask
                0x08001492       0x40 ./Core/Src/rc522.o
                0x08001492                ClearBitMask
 .text.AntennaOn
                0x080014d2       0x16 ./Core/Src/rc522.o
                0x080014d2                AntennaOn
 .text.MFRC522_Reset
                0x080014e8       0x10 ./Core/Src/rc522.o
                0x080014e8                MFRC522_Reset
 .text.MFRC522_Init
                0x080014f8       0x60 ./Core/Src/rc522.o
                0x080014f8                MFRC522_Init
 .text.MFRC522_ToCard
                0x08001558      0x192 ./Core/Src/rc522.o
                0x08001558                MFRC522_ToCard
 .text.MFRC522_Request
                0x080016ea       0x4a ./Core/Src/rc522.o
                0x080016ea                MFRC522_Request
 .text.MFRC522_Anticoll
                0x08001734       0x7a ./Core/Src/rc522.o
                0x08001734                MFRC522_Anticoll
 *fill*         0x080017ae        0x2 
 .text.SERVO_Init
                0x080017b0       0x28 ./Core/Src/servo.o
                0x080017b0                SERVO_Init
 .text.SERVO_WritePosition
                0x080017d8       0x70 ./Core/Src/servo.o
                0x080017d8                SERVO_WritePosition
 .text.MX_SPI1_Init
                0x08001848       0x7c ./Core/Src/spi.o
                0x08001848                MX_SPI1_Init
 .text.HAL_SPI_MspInit
                0x080018c4       0x88 ./Core/Src/spi.o
                0x080018c4                HAL_SPI_MspInit
 .text.HAL_MspInit
                0x0800194c       0x48 ./Core/Src/stm32f7xx_hal_msp.o
                0x0800194c                HAL_MspInit
 .text.NMI_Handler
                0x08001994        0x8 ./Core/Src/stm32f7xx_it.o
                0x08001994                NMI_Handler
 .text.HardFault_Handler
                0x0800199c        0x8 ./Core/Src/stm32f7xx_it.o
                0x0800199c                HardFault_Handler
 .text.MemManage_Handler
                0x080019a4        0x8 ./Core/Src/stm32f7xx_it.o
                0x080019a4                MemManage_Handler
 .text.BusFault_Handler
                0x080019ac        0x8 ./Core/Src/stm32f7xx_it.o
                0x080019ac                BusFault_Handler
 .text.UsageFault_Handler
                0x080019b4        0x8 ./Core/Src/stm32f7xx_it.o
                0x080019b4                UsageFault_Handler
 .text.SVC_Handler
                0x080019bc        0xe ./Core/Src/stm32f7xx_it.o
                0x080019bc                SVC_Handler
 .text.DebugMon_Handler
                0x080019ca        0xe ./Core/Src/stm32f7xx_it.o
                0x080019ca                DebugMon_Handler
 .text.PendSV_Handler
                0x080019d8        0xe ./Core/Src/stm32f7xx_it.o
                0x080019d8                PendSV_Handler
 .text.SysTick_Handler
                0x080019e6        0xc ./Core/Src/stm32f7xx_it.o
                0x080019e6                SysTick_Handler
 *fill*         0x080019f2        0x2 
 .text.USART3_IRQHandler
                0x080019f4       0x14 ./Core/Src/stm32f7xx_it.o
                0x080019f4                USART3_IRQHandler
 .text._sbrk    0x08001a08       0x6c ./Core/Src/sysmem.o
                0x08001a08                _sbrk
 .text.SystemInit
                0x08001a74       0x24 ./Core/Src/system_stm32f7xx.o
                0x08001a74                SystemInit
 .text.MX_TIM1_Init
                0x08001a98       0xa8 ./Core/Src/tim.o
                0x08001a98                MX_TIM1_Init
 .text.MX_TIM2_Init
                0x08001b40       0xb4 ./Core/Src/tim.o
                0x08001b40                MX_TIM2_Init
 .text.MX_TIM9_Init
                0x08001bf4       0xc8 ./Core/Src/tim.o
                0x08001bf4                MX_TIM9_Init
 .text.HAL_TIM_Base_MspInit
                0x08001cbc       0x68 ./Core/Src/tim.o
                0x08001cbc                HAL_TIM_Base_MspInit
 .text.HAL_TIM_PWM_MspInit
                0x08001d24       0x3c ./Core/Src/tim.o
                0x08001d24                HAL_TIM_PWM_MspInit
 .text.HAL_TIM_MspPostInit
                0x08001d60       0xb8 ./Core/Src/tim.o
                0x08001d60                HAL_TIM_MspPostInit
 .text.MX_USART3_UART_Init
                0x08001e18       0x60 ./Core/Src/usart.o
                0x08001e18                MX_USART3_UART_Init
 .text.HAL_UART_MspInit
                0x08001e78       0xd0 ./Core/Src/usart.o
                0x08001e78                HAL_UART_MspInit
 .text.MX_USB_OTG_FS_PCD_Init
                0x08001f48       0x5c ./Core/Src/usb_otg.o
                0x08001f48                MX_USB_OTG_FS_PCD_Init
 .text.HAL_PCD_MspInit
                0x08001fa4       0xf4 ./Core/Src/usb_otg.o
                0x08001fa4                HAL_PCD_MspInit
 .text.Reset_Handler
                0x08002098       0x50 ./Core/Startup/startup_stm32f767zitx.o
                0x08002098                Reset_Handler
 .text.Default_Handler
                0x080020e8        0x2 ./Core/Startup/startup_stm32f767zitx.o
                0x080020e8                RTC_Alarm_IRQHandler
                0x080020e8                EXTI2_IRQHandler
                0x080020e8                TIM8_CC_IRQHandler
                0x080020e8                UART8_IRQHandler
                0x080020e8                SPI4_IRQHandler
                0x080020e8                TIM1_CC_IRQHandler
                0x080020e8                DMA2_Stream5_IRQHandler
                0x080020e8                JPEG_IRQHandler
                0x080020e8                DMA1_Stream5_IRQHandler
                0x080020e8                CAN3_RX1_IRQHandler
                0x080020e8                PVD_IRQHandler
                0x080020e8                TAMP_STAMP_IRQHandler
                0x080020e8                CAN2_RX1_IRQHandler
                0x080020e8                EXTI3_IRQHandler
                0x080020e8                TIM8_TRG_COM_TIM14_IRQHandler
                0x080020e8                DFSDM1_FLT1_IRQHandler
                0x080020e8                TIM1_UP_TIM10_IRQHandler
                0x080020e8                TIM8_UP_TIM13_IRQHandler
                0x080020e8                I2C3_ER_IRQHandler
                0x080020e8                DFSDM1_FLT2_IRQHandler
                0x080020e8                EXTI0_IRQHandler
                0x080020e8                I2C2_EV_IRQHandler
                0x080020e8                DMA1_Stream2_IRQHandler
                0x080020e8                CAN1_RX0_IRQHandler
                0x080020e8                FPU_IRQHandler
                0x080020e8                OTG_HS_WKUP_IRQHandler
                0x080020e8                CAN3_SCE_IRQHandler
                0x080020e8                LTDC_ER_IRQHandler
                0x080020e8                CAN2_SCE_IRQHandler
                0x080020e8                DMA2_Stream2_IRQHandler
                0x080020e8                SPI1_IRQHandler
                0x080020e8                TIM6_DAC_IRQHandler
                0x080020e8                TIM1_BRK_TIM9_IRQHandler
                0x080020e8                DCMI_IRQHandler
                0x080020e8                CAN2_RX0_IRQHandler
                0x080020e8                DMA2_Stream3_IRQHandler
                0x080020e8                SAI2_IRQHandler
                0x080020e8                DFSDM1_FLT3_IRQHandler
                0x080020e8                USART6_IRQHandler
                0x080020e8                CAN3_RX0_IRQHandler
                0x080020e8                CAN1_RX1_IRQHandler
                0x080020e8                UART5_IRQHandler
                0x080020e8                DMA2_Stream0_IRQHandler
                0x080020e8                TIM4_IRQHandler
                0x080020e8                QUADSPI_IRQHandler
                0x080020e8                I2C1_EV_IRQHandler
                0x080020e8                DMA1_Stream6_IRQHandler
                0x080020e8                DMA1_Stream1_IRQHandler
                0x080020e8                UART4_IRQHandler
                0x080020e8                TIM3_IRQHandler
                0x080020e8                RCC_IRQHandler
                0x080020e8                TIM8_BRK_TIM12_IRQHandler
                0x080020e8                Default_Handler
                0x080020e8                CEC_IRQHandler
                0x080020e8                EXTI15_10_IRQHandler
                0x080020e8                ADC_IRQHandler
                0x080020e8                DMA1_Stream7_IRQHandler
                0x080020e8                SPI5_IRQHandler
                0x080020e8                TIM7_IRQHandler
                0x080020e8                SDMMC1_IRQHandler
                0x080020e8                CAN2_TX_IRQHandler
                0x080020e8                TIM5_IRQHandler
                0x080020e8                DMA2_Stream7_IRQHandler
                0x080020e8                I2C3_EV_IRQHandler
                0x080020e8                EXTI9_5_IRQHandler
                0x080020e8                RTC_WKUP_IRQHandler
                0x080020e8                LTDC_IRQHandler
                0x080020e8                ETH_WKUP_IRQHandler
                0x080020e8                SPDIF_RX_IRQHandler
                0x080020e8                SPI2_IRQHandler
                0x080020e8                OTG_HS_EP1_IN_IRQHandler
                0x080020e8                DMA1_Stream0_IRQHandler
                0x080020e8                CAN1_TX_IRQHandler
                0x080020e8                EXTI4_IRQHandler
                0x080020e8                RNG_IRQHandler
                0x080020e8                ETH_IRQHandler
                0x080020e8                OTG_HS_EP1_OUT_IRQHandler
                0x080020e8                WWDG_IRQHandler
                0x080020e8                SPI6_IRQHandler
                0x080020e8                MDIOS_IRQHandler
                0x080020e8                I2C4_EV_IRQHandler
                0x080020e8                CAN3_TX_IRQHandler
                0x080020e8                TIM2_IRQHandler
                0x080020e8                OTG_FS_WKUP_IRQHandler
                0x080020e8                TIM1_TRG_COM_TIM11_IRQHandler
                0x080020e8                OTG_HS_IRQHandler
                0x080020e8                DMA2D_IRQHandler
                0x080020e8                EXTI1_IRQHandler
                0x080020e8                SDMMC2_IRQHandler
                0x080020e8                UART7_IRQHandler
                0x080020e8                USART2_IRQHandler
                0x080020e8                DFSDM1_FLT0_IRQHandler
                0x080020e8                I2C2_ER_IRQHandler
                0x080020e8                DMA2_Stream1_IRQHandler
                0x080020e8                CAN1_SCE_IRQHandler
                0x080020e8                FLASH_IRQHandler
                0x080020e8                DMA2_Stream4_IRQHandler
                0x080020e8                USART1_IRQHandler
                0x080020e8                OTG_FS_IRQHandler
                0x080020e8                SPI3_IRQHandler
                0x080020e8                DMA1_Stream4_IRQHandler
                0x080020e8                I2C1_ER_IRQHandler
                0x080020e8                FMC_IRQHandler
                0x080020e8                LPTIM1_IRQHandler
                0x080020e8                I2C4_ER_IRQHandler
                0x080020e8                DMA2_Stream6_IRQHandler
                0x080020e8                SAI1_IRQHandler
                0x080020e8                DMA1_Stream3_IRQHandler
 .text.HAL_Init
                0x080020ea       0x1a ./Drivers/STM32F7xx_HAL_Driver/Src/stm32f7xx_hal.o
                0x080020ea                HAL_Init
 .text.HAL_InitTick
                0x08002104       0x60 ./Drivers/STM32F7xx_HAL_Driver/Src/stm32f7xx_hal.o
                0x08002104                HAL_InitTick
 .text.HAL_IncTick
                0x08002164       0x28 ./Drivers/STM32F7xx_HAL_Driver/Src/stm32f7xx_hal.o
                0x08002164                HAL_IncTick
 .text.HAL_GetTick
                0x0800218c       0x18 ./Drivers/STM32F7xx_HAL_Driver/Src/stm32f7xx_hal.o
                0x0800218c                HAL_GetTick
 .text.HAL_Delay
                0x080021a4       0x48 ./Drivers/STM32F7xx_HAL_Driver/Src/stm32f7xx_hal.o
                0x080021a4                HAL_Delay
 .text.__NVIC_SetPriorityGrouping
                0x080021ec       0x48 ./Drivers/STM32F7xx_HAL_Driver/Src/stm32f7xx_hal_cortex.o
 .text.__NVIC_GetPriorityGrouping
                0x08002234       0x1c ./Drivers/STM32F7xx_HAL_Driver/Src/stm32f7xx_hal_cortex.o
 .text.__NVIC_EnableIRQ
                0x08002250       0x3c ./Drivers/STM32F7xx_HAL_Driver/Src/stm32f7xx_hal_cortex.o
 .text.__NVIC_SetPriority
                0x0800228c       0x54 ./Drivers/STM32F7xx_HAL_Driver/Src/stm32f7xx_hal_cortex.o
 .text.NVIC_EncodePriority
                0x080022e0       0x66 ./Drivers/STM32F7xx_HAL_Driver/Src/stm32f7xx_hal_cortex.o
 *fill*         0x08002346        0x2 
 .text.SysTick_Config
                0x08002348       0x44 ./Drivers/STM32F7xx_HAL_Driver/Src/stm32f7xx_hal_cortex.o
 .text.HAL_NVIC_SetPriorityGrouping
                0x0800238c       0x16 ./Drivers/STM32F7xx_HAL_Driver/Src/stm32f7xx_hal_cortex.o
                0x0800238c                HAL_NVIC_SetPriorityGrouping
 .text.HAL_NVIC_SetPriority
                0x080023a2       0x38 ./Drivers/STM32F7xx_HAL_Driver/Src/stm32f7xx_hal_cortex.o
                0x080023a2                HAL_NVIC_SetPriority
 .text.HAL_NVIC_EnableIRQ
                0x080023da       0x1c ./Drivers/STM32F7xx_HAL_Driver/Src/stm32f7xx_hal_cortex.o
                0x080023da                HAL_NVIC_EnableIRQ
 .text.HAL_SYSTICK_Config
                0x080023f6       0x18 ./Drivers/STM32F7xx_HAL_Driver/Src/stm32f7xx_hal_cortex.o
                0x080023f6                HAL_SYSTICK_Config
 .text.HAL_DMA_Abort
                0x0800240e       0xe0 ./Drivers/STM32F7xx_HAL_Driver/Src/stm32f7xx_hal_dma.o
                0x0800240e                HAL_DMA_Abort
 .text.HAL_DMA_Abort_IT
                0x080024ee       0x44 ./Drivers/STM32F7xx_HAL_Driver/Src/stm32f7xx_hal_dma.o
                0x080024ee                HAL_DMA_Abort_IT
 *fill*         0x08002532        0x2 
 .text.HAL_GPIO_Init
                0x08002534      0x358 ./Drivers/STM32F7xx_HAL_Driver/Src/stm32f7xx_hal_gpio.o
                0x08002534                HAL_GPIO_Init
 .text.HAL_GPIO_ReadPin
                0x0800288c       0x30 ./Drivers/STM32F7xx_HAL_Driver/Src/stm32f7xx_hal_gpio.o
                0x0800288c                HAL_GPIO_ReadPin
 .text.HAL_GPIO_WritePin
                0x080028bc       0x32 ./Drivers/STM32F7xx_HAL_Driver/Src/stm32f7xx_hal_gpio.o
                0x080028bc                HAL_GPIO_WritePin
 *fill*         0x080028ee        0x2 
 .text.HAL_I2C_Init
                0x080028f0      0x138 ./Drivers/STM32F7xx_HAL_Driver/Src/stm32f7xx_hal_i2c.o
                0x080028f0                HAL_I2C_Init
 .text.HAL_I2C_Master_Transmit
                0x08002a28      0x230 ./Drivers/STM32F7xx_HAL_Driver/Src/stm32f7xx_hal_i2c.o
                0x08002a28                HAL_I2C_Master_Transmit
 .text.I2C_Flush_TXDR
                0x08002c58       0x48 ./Drivers/STM32F7xx_HAL_Driver/Src/stm32f7xx_hal_i2c.o
 .text.I2C_WaitOnFlagUntilTimeout
                0x08002ca0       0xb2 ./Drivers/STM32F7xx_HAL_Driver/Src/stm32f7xx_hal_i2c.o
 .text.I2C_WaitOnTXISFlagUntilTimeout
                0x08002d52       0x8e ./Drivers/STM32F7xx_HAL_Driver/Src/stm32f7xx_hal_i2c.o
 .text.I2C_WaitOnSTOPFlagUntilTimeout
                0x08002de0       0x86 ./Drivers/STM32F7xx_HAL_Driver/Src/stm32f7xx_hal_i2c.o
 *fill*         0x08002e66        0x2 
 .text.I2C_IsErrorOccurred
                0x08002e68      0x1c0 ./Drivers/STM32F7xx_HAL_Driver/Src/stm32f7xx_hal_i2c.o
 .text.I2C_TransferConfig
                0x08003028       0x64 ./Drivers/STM32F7xx_HAL_Driver/Src/stm32f7xx_hal_i2c.o
 .text.HAL_I2CEx_ConfigAnalogFilter
                0x0800308c       0x96 ./Drivers/STM32F7xx_HAL_Driver/Src/stm32f7xx_hal_i2c_ex.o
                0x0800308c                HAL_I2CEx_ConfigAnalogFilter
 .text.HAL_I2CEx_ConfigDigitalFilter
                0x08003122       0x98 ./Drivers/STM32F7xx_HAL_Driver/Src/stm32f7xx_hal_i2c_ex.o
                0x08003122                HAL_I2CEx_ConfigDigitalFilter
 .text.HAL_PCD_Init
                0x080031ba      0x22c ./Drivers/STM32F7xx_HAL_Driver/Src/stm32f7xx_hal_pcd.o
                0x080031ba                HAL_PCD_Init
 *fill*         0x080033e6        0x2 
 .text.HAL_PCDEx_ActivateLPM
                0x080033e8       0x48 ./Drivers/STM32F7xx_HAL_Driver/Src/stm32f7xx_hal_pcd_ex.o
                0x080033e8                HAL_PCDEx_ActivateLPM
 .text.HAL_PWR_EnableBkUpAccess
                0x08003430       0x20 ./Drivers/STM32F7xx_HAL_Driver/Src/stm32f7xx_hal_pwr.o
                0x08003430                HAL_PWR_EnableBkUpAccess
 .text.HAL_PWREx_EnableOverDrive
                0x08003450       0xa0 ./Drivers/STM32F7xx_HAL_Driver/Src/stm32f7xx_hal_pwr_ex.o
                0x08003450                HAL_PWREx_EnableOverDrive
 .text.HAL_RCC_OscConfig
                0x080034f0      0x55c ./Drivers/STM32F7xx_HAL_Driver/Src/stm32f7xx_hal_rcc.o
                0x080034f0                HAL_RCC_OscConfig
 .text.HAL_RCC_ClockConfig
                0x08003a4c      0x1d8 ./Drivers/STM32F7xx_HAL_Driver/Src/stm32f7xx_hal_rcc.o
                0x08003a4c                HAL_RCC_ClockConfig
 .text.HAL_RCC_GetSysClockFreq
                0x08003c24      0x20c ./Drivers/STM32F7xx_HAL_Driver/Src/stm32f7xx_hal_rcc.o
                0x08003c24                HAL_RCC_GetSysClockFreq
 .text.HAL_RCC_GetHCLKFreq
                0x08003e30       0x18 ./Drivers/STM32F7xx_HAL_Driver/Src/stm32f7xx_hal_rcc.o
                0x08003e30                HAL_RCC_GetHCLKFreq
 .text.HAL_RCC_GetPCLK1Freq
                0x08003e48       0x28 ./Drivers/STM32F7xx_HAL_Driver/Src/stm32f7xx_hal_rcc.o
                0x08003e48                HAL_RCC_GetPCLK1Freq
 .text.HAL_RCC_GetPCLK2Freq
                0x08003e70       0x28 ./Drivers/STM32F7xx_HAL_Driver/Src/stm32f7xx_hal_rcc.o
                0x08003e70                HAL_RCC_GetPCLK2Freq
 .text.HAL_RCCEx_PeriphCLKConfig
                0x08003e98      0x850 ./Drivers/STM32F7xx_HAL_Driver/Src/stm32f7xx_hal_rcc_ex.o
                0x08003e98                HAL_RCCEx_PeriphCLKConfig
 .text.HAL_SPI_Init
                0x080046e8      0x156 ./Drivers/STM32F7xx_HAL_Driver/Src/stm32f7xx_hal_spi.o
                0x080046e8                HAL_SPI_Init
 .text.HAL_SPI_TransmitReceive
                0x0800483e      0x444 ./Drivers/STM32F7xx_HAL_Driver/Src/stm32f7xx_hal_spi.o
                0x0800483e                HAL_SPI_TransmitReceive
 *fill*         0x08004c82        0x2 
 .text.SPI_WaitFlagStateUntilTimeout
                0x08004c84      0x110 ./Drivers/STM32F7xx_HAL_Driver/Src/stm32f7xx_hal_spi.o
 .text.SPI_WaitFifoStateUntilTimeout
                0x08004d94      0x12c ./Drivers/STM32F7xx_HAL_Driver/Src/stm32f7xx_hal_spi.o
 .text.SPI_EndRxTxTransaction
                0x08004ec0       0xd4 ./Drivers/STM32F7xx_HAL_Driver/Src/stm32f7xx_hal_spi.o
 .text.HAL_TIM_Base_Init
                0x08004f94       0xae ./Drivers/STM32F7xx_HAL_Driver/Src/stm32f7xx_hal_tim.o
                0x08004f94                HAL_TIM_Base_Init
 *fill*         0x08005042        0x2 
 .text.HAL_TIM_Base_Start
                0x08005044       0xe0 ./Drivers/STM32F7xx_HAL_Driver/Src/stm32f7xx_hal_tim.o
                0x08005044                HAL_TIM_Base_Start
 .text.HAL_TIM_PWM_Init
                0x08005124       0xae ./Drivers/STM32F7xx_HAL_Driver/Src/stm32f7xx_hal_tim.o
                0x08005124                HAL_TIM_PWM_Init
 *fill*         0x080051d2        0x2 
 .text.HAL_TIM_PWM_Start
                0x080051d4      0x1f4 ./Drivers/STM32F7xx_HAL_Driver/Src/stm32f7xx_hal_tim.o
                0x080051d4                HAL_TIM_PWM_Start
 .text.HAL_TIM_PWM_ConfigChannel
                0x080053c8      0x228 ./Drivers/STM32F7xx_HAL_Driver/Src/stm32f7xx_hal_tim.o
                0x080053c8                HAL_TIM_PWM_ConfigChannel
 .text.HAL_TIM_ConfigClockSource
                0x080055f0      0x194 ./Drivers/STM32F7xx_HAL_Driver/Src/stm32f7xx_hal_tim.o
                0x080055f0                HAL_TIM_ConfigClockSource
 .text.TIM_Base_SetConfig
                0x08005784      0x158 ./Drivers/STM32F7xx_HAL_Driver/Src/stm32f7xx_hal_tim.o
                0x08005784                TIM_Base_SetConfig
 .text.TIM_OC1_SetConfig
                0x080058dc       0xe4 ./Drivers/STM32F7xx_HAL_Driver/Src/stm32f7xx_hal_tim.o
 .text.TIM_OC2_SetConfig
                0x080059c0       0xf0 ./Drivers/STM32F7xx_HAL_Driver/Src/stm32f7xx_hal_tim.o
                0x080059c0                TIM_OC2_SetConfig
 .text.TIM_OC3_SetConfig
                0x08005ab0       0xec ./Drivers/STM32F7xx_HAL_Driver/Src/stm32f7xx_hal_tim.o
 .text.TIM_OC4_SetConfig
                0x08005b9c       0xb0 ./Drivers/STM32F7xx_HAL_Driver/Src/stm32f7xx_hal_tim.o
 .text.TIM_OC5_SetConfig
                0x08005c4c       0xa4 ./Drivers/STM32F7xx_HAL_Driver/Src/stm32f7xx_hal_tim.o
 .text.TIM_OC6_SetConfig
                0x08005cf0       0xa8 ./Drivers/STM32F7xx_HAL_Driver/Src/stm32f7xx_hal_tim.o
 .text.TIM_TI1_ConfigInputStage
                0x08005d98       0x5e ./Drivers/STM32F7xx_HAL_Driver/Src/stm32f7xx_hal_tim.o
 .text.TIM_TI2_ConfigInputStage
                0x08005df6       0x60 ./Drivers/STM32F7xx_HAL_Driver/Src/stm32f7xx_hal_tim.o
 .text.TIM_ITRx_SetConfig
                0x08005e56       0x36 ./Drivers/STM32F7xx_HAL_Driver/Src/stm32f7xx_hal_tim.o
 .text.TIM_ETR_SetConfig
                0x08005e8c       0x40 ./Drivers/STM32F7xx_HAL_Driver/Src/stm32f7xx_hal_tim.o
                0x08005e8c                TIM_ETR_SetConfig
 .text.TIM_CCxChannelCmd
                0x08005ecc       0x4a ./Drivers/STM32F7xx_HAL_Driver/Src/stm32f7xx_hal_tim.o
                0x08005ecc                TIM_CCxChannelCmd
 *fill*         0x08005f16        0x2 
 .text.HAL_TIMEx_MasterConfigSynchronization
                0x08005f18      0x11c ./Drivers/STM32F7xx_HAL_Driver/Src/stm32f7xx_hal_tim_ex.o
                0x08005f18                HAL_TIMEx_MasterConfigSynchronization
 .text.HAL_UART_Init
                0x08006034       0x9c ./Drivers/STM32F7xx_HAL_Driver/Src/stm32f7xx_hal_uart.o
                0x08006034                HAL_UART_Init
 .text.HAL_UART_Transmit
                0x080060d0      0x112 ./Drivers/STM32F7xx_HAL_Driver/Src/stm32f7xx_hal_uart.o
                0x080060d0                HAL_UART_Transmit
 *fill*         0x080061e2        0x2 
 .text.HAL_UART_IRQHandler
                0x080061e4      0x5d0 ./Drivers/STM32F7xx_HAL_Driver/Src/stm32f7xx_hal_uart.o
                0x080061e4                HAL_UART_IRQHandler
 .text.HAL_UART_TxCpltCallback
                0x080067b4       0x14 ./Drivers/STM32F7xx_HAL_Driver/Src/stm32f7xx_hal_uart.o
                0x080067b4                HAL_UART_TxCpltCallback
 .text.HAL_UART_ErrorCallback
                0x080067c8       0x14 ./Drivers/STM32F7xx_HAL_Driver/Src/stm32f7xx_hal_uart.o
                0x080067c8                HAL_UART_ErrorCallback
 .text.HAL_UARTEx_RxEventCallback
                0x080067dc       0x18 ./Drivers/STM32F7xx_HAL_Driver/Src/stm32f7xx_hal_uart.o
                0x080067dc                HAL_UARTEx_RxEventCallback
 .text.HAL_UARTEx_WakeupCallback
                0x080067f4       0x14 ./Drivers/STM32F7xx_HAL_Driver/Src/stm32f7xx_hal_uart.o
                0x080067f4                HAL_UARTEx_WakeupCallback
 .text.UART_SetConfig
                0x08006808      0x4c8 ./Drivers/STM32F7xx_HAL_Driver/Src/stm32f7xx_hal_uart.o
                0x08006808                UART_SetConfig
 .text.UART_AdvFeatureConfig
                0x08006cd0      0x144 ./Drivers/STM32F7xx_HAL_Driver/Src/stm32f7xx_hal_uart.o
                0x08006cd0                UART_AdvFeatureConfig
 .text.UART_CheckIdleState
                0x08006e14      0x150 ./Drivers/STM32F7xx_HAL_Driver/Src/stm32f7xx_hal_uart.o
                0x08006e14                UART_CheckIdleState
 .text.UART_WaitOnFlagUntilTimeout
                0x08006f64       0xda ./Drivers/STM32F7xx_HAL_Driver/Src/stm32f7xx_hal_uart.o
                0x08006f64                UART_WaitOnFlagUntilTimeout
 .text.UART_EndRxTransfer
                0x0800703e       0xc8 ./Drivers/STM32F7xx_HAL_Driver/Src/stm32f7xx_hal_uart.o
 .text.UART_DMAAbortOnError
                0x08007106       0x2c ./Drivers/STM32F7xx_HAL_Driver/Src/stm32f7xx_hal_uart.o
 .text.UART_EndTransmit_IT
                0x08007132       0x54 ./Drivers/STM32F7xx_HAL_Driver/Src/stm32f7xx_hal_uart.o
 *fill*         0x08007186        0x2 
 .text.USB_CoreInit
                0x08007188       0xb4 ./Drivers/STM32F7xx_HAL_Driver/Src/stm32f7xx_ll_usb.o
                0x08007188                USB_CoreInit
 .text.USB_DisableGlobalInt
                0x0800723c       0x22 ./Drivers/STM32F7xx_HAL_Driver/Src/stm32f7xx_ll_usb.o
                0x0800723c                USB_DisableGlobalInt
 .text.USB_SetCurrentMode
                0x0800725e       0x98 ./Drivers/STM32F7xx_HAL_Driver/Src/stm32f7xx_ll_usb.o
                0x0800725e                USB_SetCurrentMode
 *fill*         0x080072f6        0x2 
 .text.USB_DevInit
                0x080072f8      0x2bc ./Drivers/STM32F7xx_HAL_Driver/Src/stm32f7xx_ll_usb.o
                0x080072f8                USB_DevInit
 .text.USB_FlushTxFifo
                0x080075b4       0x64 ./Drivers/STM32F7xx_HAL_Driver/Src/stm32f7xx_ll_usb.o
                0x080075b4                USB_FlushTxFifo
 .text.USB_FlushRxFifo
                0x08007618       0x5c ./Drivers/STM32F7xx_HAL_Driver/Src/stm32f7xx_ll_usb.o
                0x08007618                USB_FlushRxFifo
 .text.USB_SetDevSpeed
                0x08007674       0x32 ./Drivers/STM32F7xx_HAL_Driver/Src/stm32f7xx_ll_usb.o
                0x08007674                USB_SetDevSpeed
 .text.USB_DevDisconnect
                0x080076a6       0x42 ./Drivers/STM32F7xx_HAL_Driver/Src/stm32f7xx_ll_usb.o
                0x080076a6                USB_DevDisconnect
 .text.USB_GetMode
                0x080076e8       0x1c ./Drivers/STM32F7xx_HAL_Driver/Src/stm32f7xx_ll_usb.o
                0x080076e8                USB_GetMode
 .text.USB_CoreReset
                0x08007704       0x62 ./Drivers/STM32F7xx_HAL_Driver/Src/stm32f7xx_ll_usb.o
 .text.atoi     0x08007766        0x8 C:/ST/STM32CubeIDE_1.16.1/STM32CubeIDE/plugins/com.st.stm32cube.ide.mcu.externaltools.gnu-tools-for-stm32.12.3.rel1.win32_1.0.200.202406191623/tools/bin/../lib/gcc/arm-none-eabi/12.3.1/../../../../arm-none-eabi/lib/thumb/v7e-m+dp/hard\libc_nano.a(libc_a-atoi.o)
                0x08007766                atoi
 *fill*         0x0800776e        0x2 
 .text._strtol_l.constprop.0
                0x08007770       0xf4 C:/ST/STM32CubeIDE_1.16.1/STM32CubeIDE/plugins/com.st.stm32cube.ide.mcu.externaltools.gnu-tools-for-stm32.12.3.rel1.win32_1.0.200.202406191623/tools/bin/../lib/gcc/arm-none-eabi/12.3.1/../../../../arm-none-eabi/lib/thumb/v7e-m+dp/hard\libc_nano.a(libc_a-strtol.o)
 .text.strtol   0x08007864       0x14 C:/ST/STM32CubeIDE_1.16.1/STM32CubeIDE/plugins/com.st.stm32cube.ide.mcu.externaltools.gnu-tools-for-stm32.12.3.rel1.win32_1.0.200.202406191623/tools/bin/../lib/gcc/arm-none-eabi/12.3.1/../../../../arm-none-eabi/lib/thumb/v7e-m+dp/hard\libc_nano.a(libc_a-strtol.o)
                0x08007864                strtol
 .text.sprintf  0x08007878       0x40 C:/ST/STM32CubeIDE_1.16.1/STM32CubeIDE/plugins/com.st.stm32cube.ide.mcu.externaltools.gnu-tools-for-stm32.12.3.rel1.win32_1.0.200.202406191623/tools/bin/../lib/gcc/arm-none-eabi/12.3.1/../../../../arm-none-eabi/lib/thumb/v7e-m+dp/hard\libc_nano.a(libc_a-sprintf.o)
                0x08007878                siprintf
                0x08007878                sprintf
 .text.memset   0x080078b8       0x10 C:/ST/STM32CubeIDE_1.16.1/STM32CubeIDE/plugins/com.st.stm32cube.ide.mcu.externaltools.gnu-tools-for-stm32.12.3.rel1.win32_1.0.200.202406191623/tools/bin/../lib/gcc/arm-none-eabi/12.3.1/../../../../arm-none-eabi/lib/thumb/v7e-m+dp/hard\libc_nano.a(libc_a-memset.o)
                0x080078b8                memset
 .text.__errno  0x080078c8        0xc C:/ST/STM32CubeIDE_1.16.1/STM32CubeIDE/plugins/com.st.stm32cube.ide.mcu.externaltools.gnu-tools-for-stm32.12.3.rel1.win32_1.0.200.202406191623/tools/bin/../lib/gcc/arm-none-eabi/12.3.1/../../../../arm-none-eabi/lib/thumb/v7e-m+dp/hard\libc_nano.a(libc_a-errno.o)
                0x080078c8                __errno
 .text.__libc_init_array
                0x080078d4       0x48 C:/ST/STM32CubeIDE_1.16.1/STM32CubeIDE/plugins/com.st.stm32cube.ide.mcu.externaltools.gnu-tools-for-stm32.12.3.rel1.win32_1.0.200.202406191623/tools/bin/../lib/gcc/arm-none-eabi/12.3.1/../../../../arm-none-eabi/lib/thumb/v7e-m+dp/hard\libc_nano.a(libc_a-init.o)
                0x080078d4                __libc_init_array
 .text.__retarget_lock_acquire_recursive
                0x0800791c        0x2 C:/ST/STM32CubeIDE_1.16.1/STM32CubeIDE/plugins/com.st.stm32cube.ide.mcu.externaltools.gnu-tools-for-stm32.12.3.rel1.win32_1.0.200.202406191623/tools/bin/../lib/gcc/arm-none-eabi/12.3.1/../../../../arm-none-eabi/lib/thumb/v7e-m+dp/hard\libc_nano.a(libc_a-lock.o)
                0x0800791c                __retarget_lock_acquire_recursive
 .text.__retarget_lock_release_recursive
                0x0800791e        0x2 C:/ST/STM32CubeIDE_1.16.1/STM32CubeIDE/plugins/com.st.stm32cube.ide.mcu.externaltools.gnu-tools-for-stm32.12.3.rel1.win32_1.0.200.202406191623/tools/bin/../lib/gcc/arm-none-eabi/12.3.1/../../../../arm-none-eabi/lib/thumb/v7e-m+dp/hard\libc_nano.a(libc_a-lock.o)
                0x0800791e                __retarget_lock_release_recursive
 .text.memcpy   0x08007920       0x1c C:/ST/STM32CubeIDE_1.16.1/STM32CubeIDE/plugins/com.st.stm32cube.ide.mcu.externaltools.gnu-tools-for-stm32.12.3.rel1.win32_1.0.200.202406191623/tools/bin/../lib/gcc/arm-none-eabi/12.3.1/../../../../arm-none-eabi/lib/thumb/v7e-m+dp/hard\libc_nano.a(libc_a-memcpy-stub.o)
                0x08007920                memcpy
 .text._free_r  0x0800793c       0x94 C:/ST/STM32CubeIDE_1.16.1/STM32CubeIDE/plugins/com.st.stm32cube.ide.mcu.externaltools.gnu-tools-for-stm32.12.3.rel1.win32_1.0.200.202406191623/tools/bin/../lib/gcc/arm-none-eabi/12.3.1/../../../../arm-none-eabi/lib/thumb/v7e-m+dp/hard\libc_nano.a(libc_a-freer.o)
                0x0800793c                _free_r
 .text.sbrk_aligned
                0x080079d0       0x44 C:/ST/STM32CubeIDE_1.16.1/STM32CubeIDE/plugins/com.st.stm32cube.ide.mcu.externaltools.gnu-tools-for-stm32.12.3.rel1.win32_1.0.200.202406191623/tools/bin/../lib/gcc/arm-none-eabi/12.3.1/../../../../arm-none-eabi/lib/thumb/v7e-m+dp/hard\libc_nano.a(libc_a-mallocr.o)
 .text._malloc_r
                0x08007a14      0x100 C:/ST/STM32CubeIDE_1.16.1/STM32CubeIDE/plugins/com.st.stm32cube.ide.mcu.externaltools.gnu-tools-for-stm32.12.3.rel1.win32_1.0.200.202406191623/tools/bin/../lib/gcc/arm-none-eabi/12.3.1/../../../../arm-none-eabi/lib/thumb/v7e-m+dp/hard\libc_nano.a(libc_a-mallocr.o)
                0x08007a14                _malloc_r
 .text.__malloc_lock
                0x08007b14        0xc C:/ST/STM32CubeIDE_1.16.1/STM32CubeIDE/plugins/com.st.stm32cube.ide.mcu.externaltools.gnu-tools-for-stm32.12.3.rel1.win32_1.0.200.202406191623/tools/bin/../lib/gcc/arm-none-eabi/12.3.1/../../../../arm-none-eabi/lib/thumb/v7e-m+dp/hard\libc_nano.a(libc_a-mlock.o)
                0x08007b14                __malloc_lock
 .text.__malloc_unlock
                0x08007b20        0xc C:/ST/STM32CubeIDE_1.16.1/STM32CubeIDE/plugins/com.st.stm32cube.ide.mcu.externaltools.gnu-tools-for-stm32.12.3.rel1.win32_1.0.200.202406191623/tools/bin/../lib/gcc/arm-none-eabi/12.3.1/../../../../arm-none-eabi/lib/thumb/v7e-m+dp/hard\libc_nano.a(libc_a-mlock.o)
                0x08007b20                __malloc_unlock
 .text.__ssputs_r
                0x08007b2c       0xb6 C:/ST/STM32CubeIDE_1.16.1/STM32CubeIDE/plugins/com.st.stm32cube.ide.mcu.externaltools.gnu-tools-for-stm32.12.3.rel1.win32_1.0.200.202406191623/tools/bin/../lib/gcc/arm-none-eabi/12.3.1/../../../../arm-none-eabi/lib/thumb/v7e-m+dp/hard\libc_nano.a(libc_a-nano-svfprintf.o)
                0x08007b2c                __ssputs_r
 *fill*         0x08007be2        0x2 
 .text._svfprintf_r
                0x08007be4      0x1f8 C:/ST/STM32CubeIDE_1.16.1/STM32CubeIDE/plugins/com.st.stm32cube.ide.mcu.externaltools.gnu-tools-for-stm32.12.3.rel1.win32_1.0.200.202406191623/tools/bin/../lib/gcc/arm-none-eabi/12.3.1/../../../../arm-none-eabi/lib/thumb/v7e-m+dp/hard\libc_nano.a(libc_a-nano-svfprintf.o)
                0x08007be4                _svfiprintf_r
                0x08007be4                _svfprintf_r
 .text._printf_common
                0x08007ddc       0xda C:/ST/STM32CubeIDE_1.16.1/STM32CubeIDE/plugins/com.st.stm32cube.ide.mcu.externaltools.gnu-tools-for-stm32.12.3.rel1.win32_1.0.200.202406191623/tools/bin/../lib/gcc/arm-none-eabi/12.3.1/../../../../arm-none-eabi/lib/thumb/v7e-m+dp/hard\libc_nano.a(libc_a-nano-vfprintf_i.o)
                0x08007ddc                _printf_common
 *fill*         0x08007eb6        0x2 
 .text._printf_i
                0x08007eb8      0x240 C:/ST/STM32CubeIDE_1.16.1/STM32CubeIDE/plugins/com.st.stm32cube.ide.mcu.externaltools.gnu-tools-for-stm32.12.3.rel1.win32_1.0.200.202406191623/tools/bin/../lib/gcc/arm-none-eabi/12.3.1/../../../../arm-none-eabi/lib/thumb/v7e-m+dp/hard\libc_nano.a(libc_a-nano-vfprintf_i.o)
                0x08007eb8                _printf_i
 .text.memmove  0x080080f8       0x34 C:/ST/STM32CubeIDE_1.16.1/STM32CubeIDE/plugins/com.st.stm32cube.ide.mcu.externaltools.gnu-tools-for-stm32.12.3.rel1.win32_1.0.200.202406191623/tools/bin/../lib/gcc/arm-none-eabi/12.3.1/../../../../arm-none-eabi/lib/thumb/v7e-m+dp/hard\libc_nano.a(libc_a-memmove.o)
                0x080080f8                memmove
 .text._sbrk_r  0x0800812c       0x20 C:/ST/STM32CubeIDE_1.16.1/STM32CubeIDE/plugins/com.st.stm32cube.ide.mcu.externaltools.gnu-tools-for-stm32.12.3.rel1.win32_1.0.200.202406191623/tools/bin/../lib/gcc/arm-none-eabi/12.3.1/../../../../arm-none-eabi/lib/thumb/v7e-m+dp/hard\libc_nano.a(libc_a-sbrkr.o)
                0x0800812c                _sbrk_r
 .text._realloc_r
                0x0800814c       0x5c C:/ST/STM32CubeIDE_1.16.1/STM32CubeIDE/plugins/com.st.stm32cube.ide.mcu.externaltools.gnu-tools-for-stm32.12.3.rel1.win32_1.0.200.202406191623/tools/bin/../lib/gcc/arm-none-eabi/12.3.1/../../../../arm-none-eabi/lib/thumb/v7e-m+dp/hard\libc_nano.a(libc_a-reallocr.o)
                0x0800814c                _realloc_r
 .text._malloc_usable_size_r
                0x080081a8       0x10 C:/ST/STM32CubeIDE_1.16.1/STM32CubeIDE/plugins/com.st.stm32cube.ide.mcu.externaltools.gnu-tools-for-stm32.12.3.rel1.win32_1.0.200.202406191623/tools/bin/../lib/gcc/arm-none-eabi/12.3.1/../../../../arm-none-eabi/lib/thumb/v7e-m+dp/hard\libc_nano.a(libc_a-msizer.o)
                0x080081a8                _malloc_usable_size_r
 .text.fmaxf    0x080081b8       0x3a C:/ST/STM32CubeIDE_1.16.1/STM32CubeIDE/plugins/com.st.stm32cube.ide.mcu.externaltools.gnu-tools-for-stm32.12.3.rel1.win32_1.0.200.202406191623/tools/bin/../lib/gcc/arm-none-eabi/12.3.1/../../../../arm-none-eabi/lib/thumb/v7e-m+dp/hard\libm.a(libm_a-sf_fmax.o)
                0x080081b8                fmaxf
 .text.fminf    0x080081f2       0x3a C:/ST/STM32CubeIDE_1.16.1/STM32CubeIDE/plugins/com.st.stm32cube.ide.mcu.externaltools.gnu-tools-for-stm32.12.3.rel1.win32_1.0.200.202406191623/tools/bin/../lib/gcc/arm-none-eabi/12.3.1/../../../../arm-none-eabi/lib/thumb/v7e-m+dp/hard\libm.a(libm_a-sf_fmin.o)
                0x080081f2                fminf
 .text.__fpclassifyf
                0x0800822c       0x38 C:/ST/STM32CubeIDE_1.16.1/STM32CubeIDE/plugins/com.st.stm32cube.ide.mcu.externaltools.gnu-tools-for-stm32.12.3.rel1.win32_1.0.200.202406191623/tools/bin/../lib/gcc/arm-none-eabi/12.3.1/../../../../arm-none-eabi/lib/thumb/v7e-m+dp/hard\libm.a(libm_a-sf_fpclassify.o)
                0x0800822c                __fpclassifyf
 *(.glue_7)
 .glue_7        0x08008264        0x0 linker stubs
 *(.glue_7t)
 .glue_7t       0x08008264        0x0 linker stubs
 *(.eh_frame)
 .eh_frame      0x08008264        0x0 C:/ST/STM32CubeIDE_1.16.1/STM32CubeIDE/plugins/com.st.stm32cube.ide.mcu.externaltools.gnu-tools-for-stm32.12.3.rel1.win32_1.0.200.202406191623/tools/bin/../lib/gcc/arm-none-eabi/12.3.1/thumb/v7e-m+dp/hard/crtbegin.o
 *(.init)
 .init          0x08008264        0x4 C:/ST/STM32CubeIDE_1.16.1/STM32CubeIDE/plugins/com.st.stm32cube.ide.mcu.externaltools.gnu-tools-for-stm32.12.3.rel1.win32_1.0.200.202406191623/tools/bin/../lib/gcc/arm-none-eabi/12.3.1/thumb/v7e-m+dp/hard/crti.o
                0x08008264                _init
 .init          0x08008268        0x8 C:/ST/STM32CubeIDE_1.16.1/STM32CubeIDE/plugins/com.st.stm32cube.ide.mcu.externaltools.gnu-tools-for-stm32.12.3.rel1.win32_1.0.200.202406191623/tools/bin/../lib/gcc/arm-none-eabi/12.3.1/thumb/v7e-m+dp/hard/crtn.o
 *(.fini)
 .fini          0x08008270        0x4 C:/ST/STM32CubeIDE_1.16.1/STM32CubeIDE/plugins/com.st.stm32cube.ide.mcu.externaltools.gnu-tools-for-stm32.12.3.rel1.win32_1.0.200.202406191623/tools/bin/../lib/gcc/arm-none-eabi/12.3.1/thumb/v7e-m+dp/hard/crti.o
                0x08008270                _fini
 .fini          0x08008274        0x8 C:/ST/STM32CubeIDE_1.16.1/STM32CubeIDE/plugins/com.st.stm32cube.ide.mcu.externaltools.gnu-tools-for-stm32.12.3.rel1.win32_1.0.200.202406191623/tools/bin/../lib/gcc/arm-none-eabi/12.3.1/thumb/v7e-m+dp/hard/crtn.o
                0x0800827c                        . = ALIGN (0x4)
                0x0800827c                        _etext = .

.vfp11_veneer   0x0800827c        0x0
 .vfp11_veneer  0x0800827c        0x0 linker stubs

.v4_bx          0x0800827c        0x0
 .v4_bx         0x0800827c        0x0 linker stubs

.iplt           0x0800827c        0x0
 .iplt          0x0800827c        0x0 C:/ST/STM32CubeIDE_1.16.1/STM32CubeIDE/plugins/com.st.stm32cube.ide.mcu.externaltools.gnu-tools-for-stm32.12.3.rel1.win32_1.0.200.202406191623/tools/bin/../lib/gcc/arm-none-eabi/12.3.1/thumb/v7e-m+dp/hard/crtbegin.o

.rodata         0x0800827c      0x30c
                0x0800827c                        . = ALIGN (0x4)
 *(.rodata)
 .rodata        0x0800827c      0x1af ./Core/Src/main.o
 *(.rodata*)
 *fill*         0x0800842b        0x1 
 .rodata.KEYPAD_LOOKUP_TABLE
                0x0800842c       0x10 ./Core/Src/keypad.o
                0x0800842c                KEYPAD_LOOKUP_TABLE
 .rodata.AHBPrescTable
                0x0800843c       0x10 ./Core/Src/system_stm32f7xx.o
                0x0800843c                AHBPrescTable
 .rodata.APBPrescTable
                0x0800844c        0x8 ./Core/Src/system_stm32f7xx.o
                0x0800844c                APBPrescTable
 .rodata._ctype_
                0x08008454      0x101 C:/ST/STM32CubeIDE_1.16.1/STM32CubeIDE/plugins/com.st.stm32cube.ide.mcu.externaltools.gnu-tools-for-stm32.12.3.rel1.win32_1.0.200.202406191623/tools/bin/../lib/gcc/arm-none-eabi/12.3.1/../../../../arm-none-eabi/lib/thumb/v7e-m+dp/hard\libc_nano.a(libc_a-ctype_.o)
                0x08008454                _ctype_
 .rodata._svfprintf_r.str1.1
                0x08008555       0x11 C:/ST/STM32CubeIDE_1.16.1/STM32CubeIDE/plugins/com.st.stm32cube.ide.mcu.externaltools.gnu-tools-for-stm32.12.3.rel1.win32_1.0.200.202406191623/tools/bin/../lib/gcc/arm-none-eabi/12.3.1/../../../../arm-none-eabi/lib/thumb/v7e-m+dp/hard\libc_nano.a(libc_a-nano-svfprintf.o)
 .rodata._printf_i.str1.1
                0x08008566       0x22 C:/ST/STM32CubeIDE_1.16.1/STM32CubeIDE/plugins/com.st.stm32cube.ide.mcu.externaltools.gnu-tools-for-stm32.12.3.rel1.win32_1.0.200.202406191623/tools/bin/../lib/gcc/arm-none-eabi/12.3.1/../../../../arm-none-eabi/lib/thumb/v7e-m+dp/hard\libc_nano.a(libc_a-nano-vfprintf_i.o)
                0x08008588                        . = ALIGN (0x4)

.ARM.extab      0x08008588        0x0
                0x08008588                        . = ALIGN (0x4)
 *(.ARM.extab* .gnu.linkonce.armextab.*)
                0x08008588                        . = ALIGN (0x4)

.ARM            0x08008588        0x8
                0x08008588                        . = ALIGN (0x4)
                0x08008588                        __exidx_start = .
 *(.ARM.exidx*)
 .ARM.exidx     0x08008588        0x8 C:/ST/STM32CubeIDE_1.16.1/STM32CubeIDE/plugins/com.st.stm32cube.ide.mcu.externaltools.gnu-tools-for-stm32.12.3.rel1.win32_1.0.200.202406191623/tools/bin/../lib/gcc/arm-none-eabi/12.3.1/../../../../arm-none-eabi/lib/thumb/v7e-m+dp/hard\libc_nano.a(libc_a-strlen.o)
 .ARM.exidx     0x08008590        0x0 C:/ST/STM32CubeIDE_1.16.1/STM32CubeIDE/plugins/com.st.stm32cube.ide.mcu.externaltools.gnu-tools-for-stm32.12.3.rel1.win32_1.0.200.202406191623/tools/bin/../lib/gcc/arm-none-eabi/12.3.1/../../../../arm-none-eabi/lib/thumb/v7e-m+dp/hard\libc_nano.a(libc_a-memchr.o)
                                  0x8 (size before relaxing)
 .ARM.exidx     0x08008590        0x0 C:/ST/STM32CubeIDE_1.16.1/STM32CubeIDE/plugins/com.st.stm32cube.ide.mcu.externaltools.gnu-tools-for-stm32.12.3.rel1.win32_1.0.200.202406191623/tools/bin/../lib/gcc/arm-none-eabi/12.3.1/thumb/v7e-m+dp/hard\libgcc.a(_udivmoddi4.o)
                                  0x8 (size before relaxing)
                0x08008590                        __exidx_end = .
                0x08008590                        . = ALIGN (0x4)

.preinit_array  0x08008590        0x0
                0x08008590                        . = ALIGN (0x4)
                0x08008590                        PROVIDE (__preinit_array_start = .)
 *(.preinit_array*)
                0x08008590                        PROVIDE (__preinit_array_end = .)
                0x08008590                        . = ALIGN (0x4)

.init_array     0x08008590        0x4
                0x08008590                        . = ALIGN (0x4)
                0x08008590                        PROVIDE (__init_array_start = .)
 *(SORT_BY_NAME(.init_array.*))
 *(.init_array*)
 .init_array    0x08008590        0x4 C:/ST/STM32CubeIDE_1.16.1/STM32CubeIDE/plugins/com.st.stm32cube.ide.mcu.externaltools.gnu-tools-for-stm32.12.3.rel1.win32_1.0.200.202406191623/tools/bin/../lib/gcc/arm-none-eabi/12.3.1/thumb/v7e-m+dp/hard/crtbegin.o
                0x08008594                        PROVIDE (__init_array_end = .)
                0x08008594                        . = ALIGN (0x4)

.fini_array     0x08008594        0x4
                0x08008594                        . = ALIGN (0x4)
                [!provide]                        PROVIDE (__fini_array_start = .)
 *(SORT_BY_NAME(.fini_array.*))
 *(.fini_array*)
 .fini_array    0x08008594        0x4 C:/ST/STM32CubeIDE_1.16.1/STM32CubeIDE/plugins/com.st.stm32cube.ide.mcu.externaltools.gnu-tools-for-stm32.12.3.rel1.win32_1.0.200.202406191623/tools/bin/../lib/gcc/arm-none-eabi/12.3.1/thumb/v7e-m+dp/hard/crtbegin.o
                [!provide]                        PROVIDE (__fini_array_end = .)
                0x08008598                        . = ALIGN (0x4)
                0x08008598                        _sidata = LOADADDR (.data)

.rel.dyn        0x08008598        0x0
 .rel.iplt      0x08008598        0x0 C:/ST/STM32CubeIDE_1.16.1/STM32CubeIDE/plugins/com.st.stm32cube.ide.mcu.externaltools.gnu-tools-for-stm32.12.3.rel1.win32_1.0.200.202406191623/tools/bin/../lib/gcc/arm-none-eabi/12.3.1/thumb/v7e-m+dp/hard/crtbegin.o

.data           0x20000000       0x6c load address 0x08008598
                0x20000000                        . = ALIGN (0x4)
                0x20000000                        _sdata = .
 *(.data)
 *(.data*)
 .data.hservo1  0x20000000       0x10 ./Core/Src/main.o
                0x20000000                hservo1
 .data.SystemCoreClock
                0x20000010        0x4 ./Core/Src/system_stm32f7xx.o
                0x20000010                SystemCoreClock
 .data.uwTickPrio
                0x20000014        0x4 ./Drivers/STM32F7xx_HAL_Driver/Src/stm32f7xx_hal.o
                0x20000014                uwTickPrio
 .data.uwTickFreq
                0x20000018        0x1 ./Drivers/STM32F7xx_HAL_Driver/Src/stm32f7xx_hal.o
                0x20000018                uwTickFreq
 *fill*         0x20000019        0x3 
 .data._impure_ptr
                0x2000001c        0x4 C:/ST/STM32CubeIDE_1.16.1/STM32CubeIDE/plugins/com.st.stm32cube.ide.mcu.externaltools.gnu-tools-for-stm32.12.3.rel1.win32_1.0.200.202406191623/tools/bin/../lib/gcc/arm-none-eabi/12.3.1/../../../../arm-none-eabi/lib/thumb/v7e-m+dp/hard\libc_nano.a(libc_a-impure.o)
                0x2000001c                _impure_ptr
 .data._impure_data
                0x20000020       0x4c C:/ST/STM32CubeIDE_1.16.1/STM32CubeIDE/plugins/com.st.stm32cube.ide.mcu.externaltools.gnu-tools-for-stm32.12.3.rel1.win32_1.0.200.202406191623/tools/bin/../lib/gcc/arm-none-eabi/12.3.1/../../../../arm-none-eabi/lib/thumb/v7e-m+dp/hard\libc_nano.a(libc_a-impure.o)
                0x20000020                _impure_data
 *(.RamFunc)
 *(.RamFunc*)
                0x2000006c                        . = ALIGN (0x4)
                0x2000006c                        _edata = .

.igot.plt       0x2000006c        0x0 load address 0x08008604
 .igot.plt      0x2000006c        0x0 C:/ST/STM32CubeIDE_1.16.1/STM32CubeIDE/plugins/com.st.stm32cube.ide.mcu.externaltools.gnu-tools-for-stm32.12.3.rel1.win32_1.0.200.202406191623/tools/bin/../lib/gcc/arm-none-eabi/12.3.1/thumb/v7e-m+dp/hard/crtbegin.o
                0x2000006c                        . = ALIGN (0x4)

.bss            0x2000006c      0x89c load address 0x08008604
                0x2000006c                        _sbss = .
                0x2000006c                        __bss_start__ = _sbss
 *(.bss)
 .bss           0x2000006c       0x1c C:/ST/STM32CubeIDE_1.16.1/STM32CubeIDE/plugins/com.st.stm32cube.ide.mcu.externaltools.gnu-tools-for-stm32.12.3.rel1.win32_1.0.200.202406191623/tools/bin/../lib/gcc/arm-none-eabi/12.3.1/thumb/v7e-m+dp/hard/crtbegin.o
 *(.bss*)
 .bss.hi2c1     0x20000088       0x54 ./Core/Src/i2c.o
                0x20000088                hi2c1
 .bss.status    0x200000dc        0x1 ./Core/Src/main.o
                0x200000dc                status
 *fill*         0x200000dd        0x3 
 .bss.str       0x200000e0       0x10 ./Core/Src/main.o
                0x200000e0                str
 .bss.sNum      0x200000f0        0x5 ./Core/Src/main.o
                0x200000f0                sNum
 *fill*         0x200000f5        0x3 
 .bss.pMillis   0x200000f8        0x4 ./Core/Src/main.o
                0x200000f8                pMillis
 .bss.Value1    0x200000fc        0x4 ./Core/Src/main.o
                0x200000fc                Value1
 .bss.Value2    0x20000100        0x4 ./Core/Src/main.o
                0x20000100                Value2
 .bss.Distance  0x20000104        0x2 ./Core/Src/main.o
                0x20000104                Distance
 .bss.targetDistance
                0x20000106        0x1 ./Core/Src/main.o
                0x20000106                targetDistance
 .bss.input_index.0
                0x20000107        0x1 ./Core/Src/main.o
 .bss.hspi1     0x20000108       0x64 ./Core/Src/spi.o
                0x20000108                hspi1
 .bss.__sbrk_heap_end
                0x2000016c        0x4 ./Core/Src/sysmem.o
 .bss.htim1     0x20000170       0x4c ./Core/Src/tim.o
                0x20000170                htim1
 .bss.htim2     0x200001bc       0x4c ./Core/Src/tim.o
                0x200001bc                htim2
 .bss.htim9     0x20000208       0x4c ./Core/Src/tim.o
                0x20000208                htim9
 .bss.huart3    0x20000254       0x88 ./Core/Src/usart.o
                0x20000254                huart3
 .bss.hpcd_USB_OTG_FS
                0x200002dc      0x4e0 ./Core/Src/usb_otg.o
                0x200002dc                hpcd_USB_OTG_FS
 .bss.uwTick    0x200007bc        0x4 ./Drivers/STM32F7xx_HAL_Driver/Src/stm32f7xx_hal.o
                0x200007bc                uwTick
 .bss.__sf      0x200007c0      0x138 C:/ST/STM32CubeIDE_1.16.1/STM32CubeIDE/plugins/com.st.stm32cube.ide.mcu.externaltools.gnu-tools-for-stm32.12.3.rel1.win32_1.0.200.202406191623/tools/bin/../lib/gcc/arm-none-eabi/12.3.1/../../../../arm-none-eabi/lib/thumb/v7e-m+dp/hard\libc_nano.a(libc_a-findfp.o)
                0x200007c0                __sf
 .bss.errno     0x200008f8        0x4 C:/ST/STM32CubeIDE_1.16.1/STM32CubeIDE/plugins/com.st.stm32cube.ide.mcu.externaltools.gnu-tools-for-stm32.12.3.rel1.win32_1.0.200.202406191623/tools/bin/../lib/gcc/arm-none-eabi/12.3.1/../../../../arm-none-eabi/lib/thumb/v7e-m+dp/hard\libc_nano.a(libc_a-reent.o)
                0x200008f8                errno
 .bss.__lock___malloc_recursive_mutex
                0x200008fc        0x1 C:/ST/STM32CubeIDE_1.16.1/STM32CubeIDE/plugins/com.st.stm32cube.ide.mcu.externaltools.gnu-tools-for-stm32.12.3.rel1.win32_1.0.200.202406191623/tools/bin/../lib/gcc/arm-none-eabi/12.3.1/../../../../arm-none-eabi/lib/thumb/v7e-m+dp/hard\libc_nano.a(libc_a-lock.o)
                0x200008fc                __lock___malloc_recursive_mutex
 *fill*         0x200008fd        0x3 
 .bss.__malloc_sbrk_start
                0x20000900        0x4 C:/ST/STM32CubeIDE_1.16.1/STM32CubeIDE/plugins/com.st.stm32cube.ide.mcu.externaltools.gnu-tools-for-stm32.12.3.rel1.win32_1.0.200.202406191623/tools/bin/../lib/gcc/arm-none-eabi/12.3.1/../../../../arm-none-eabi/lib/thumb/v7e-m+dp/hard\libc_nano.a(libc_a-mallocr.o)
                0x20000900                __malloc_sbrk_start
 .bss.__malloc_free_list
                0x20000904        0x4 C:/ST/STM32CubeIDE_1.16.1/STM32CubeIDE/plugins/com.st.stm32cube.ide.mcu.externaltools.gnu-tools-for-stm32.12.3.rel1.win32_1.0.200.202406191623/tools/bin/../lib/gcc/arm-none-eabi/12.3.1/../../../../arm-none-eabi/lib/thumb/v7e-m+dp/hard\libc_nano.a(libc_a-mallocr.o)
                0x20000904                __malloc_free_list
 *(COMMON)
                0x20000908                        . = ALIGN (0x4)
                0x20000908                        _ebss = .
                0x20000908                        __bss_end__ = _ebss

._user_heap_stack
                0x20000908      0x600 load address 0x08008604
                0x20000908                        . = ALIGN (0x8)
                [!provide]                        PROVIDE (end = .)
                0x20000908                        PROVIDE (_end = .)
                0x20000b08                        . = (. + _Min_Heap_Size)
 *fill*         0x20000908      0x200 
                0x20000f08                        . = (. + _Min_Stack_Size)
 *fill*         0x20000b08      0x400 
                0x20000f08                        . = ALIGN (0x8)

/DISCARD/
 libc.a(*)
 libm.a(*)
 libgcc.a(*)

.ARM.attributes
                0x00000000       0x2e
 *(.ARM.attributes)
 .ARM.attributes
                0x00000000       0x20 C:/ST/STM32CubeIDE_1.16.1/STM32CubeIDE/plugins/com.st.stm32cube.ide.mcu.externaltools.gnu-tools-for-stm32.12.3.rel1.win32_1.0.200.202406191623/tools/bin/../lib/gcc/arm-none-eabi/12.3.1/thumb/v7e-m+dp/hard/crti.o
 .ARM.attributes
                0x00000020       0x32 C:/ST/STM32CubeIDE_1.16.1/STM32CubeIDE/plugins/com.st.stm32cube.ide.mcu.externaltools.gnu-tools-for-stm32.12.3.rel1.win32_1.0.200.202406191623/tools/bin/../lib/gcc/arm-none-eabi/12.3.1/thumb/v7e-m+dp/hard/crtbegin.o
 .ARM.attributes
                0x00000052       0x32 ./Core/Src/btn.o
 .ARM.attributes
                0x00000084       0x32 ./Core/Src/dio.o
 .ARM.attributes
                0x000000b6       0x32 ./Core/Src/gpio.o
 .ARM.attributes
                0x000000e8       0x32 ./Core/Src/i2c.o
 .ARM.attributes
                0x0000011a       0x32 ./Core/Src/keypad.o
 .ARM.attributes
                0x0000014c       0x32 ./Core/Src/main.o
 .ARM.attributes
                0x0000017e       0x32 ./Core/Src/pwm.o
 .ARM.attributes
                0x000001b0       0x32 ./Core/Src/rc522.o
 .ARM.attributes
                0x000001e2       0x32 ./Core/Src/servo.o
 .ARM.attributes
                0x00000214       0x32 ./Core/Src/spi.o
 .ARM.attributes
                0x00000246       0x32 ./Core/Src/stm32f7xx_hal_msp.o
 .ARM.attributes
                0x00000278       0x32 ./Core/Src/stm32f7xx_it.o
 .ARM.attributes
                0x000002aa       0x32 ./Core/Src/sysmem.o
 .ARM.attributes
                0x000002dc       0x32 ./Core/Src/system_stm32f7xx.o
 .ARM.attributes
                0x0000030e       0x32 ./Core/Src/tim.o
 .ARM.attributes
                0x00000340       0x32 ./Core/Src/usart.o
 .ARM.attributes
                0x00000372       0x32 ./Core/Src/usb_otg.o
 .ARM.attributes
                0x000003a4       0x21 ./Core/Startup/startup_stm32f767zitx.o
 .ARM.attributes
                0x000003c5       0x32 ./Drivers/STM32F7xx_HAL_Driver/Src/stm32f7xx_hal.o
 .ARM.attributes
                0x000003f7       0x32 ./Drivers/STM32F7xx_HAL_Driver/Src/stm32f7xx_hal_cortex.o
 .ARM.attributes
                0x00000429       0x32 ./Drivers/STM32F7xx_HAL_Driver/Src/stm32f7xx_hal_dma.o
 .ARM.attributes
                0x0000045b       0x32 ./Drivers/STM32F7xx_HAL_Driver/Src/stm32f7xx_hal_gpio.o
 .ARM.attributes
                0x0000048d       0x32 ./Drivers/STM32F7xx_HAL_Driver/Src/stm32f7xx_hal_i2c.o
 .ARM.attributes
                0x000004bf       0x32 ./Drivers/STM32F7xx_HAL_Driver/Src/stm32f7xx_hal_i2c_ex.o
 .ARM.attributes
                0x000004f1       0x32 ./Drivers/STM32F7xx_HAL_Driver/Src/stm32f7xx_hal_pcd.o
 .ARM.attributes
                0x00000523       0x32 ./Drivers/STM32F7xx_HAL_Driver/Src/stm32f7xx_hal_pcd_ex.o
 .ARM.attributes
                0x00000555       0x32 ./Drivers/STM32F7xx_HAL_Driver/Src/stm32f7xx_hal_pwr.o
 .ARM.attributes
                0x00000587       0x32 ./Drivers/STM32F7xx_HAL_Driver/Src/stm32f7xx_hal_pwr_ex.o
 .ARM.attributes
                0x000005b9       0x32 ./Drivers/STM32F7xx_HAL_Driver/Src/stm32f7xx_hal_rcc.o
 .ARM.attributes
                0x000005eb       0x32 ./Drivers/STM32F7xx_HAL_Driver/Src/stm32f7xx_hal_rcc_ex.o
 .ARM.attributes
                0x0000061d       0x32 ./Drivers/STM32F7xx_HAL_Driver/Src/stm32f7xx_hal_spi.o
 .ARM.attributes
                0x0000064f       0x32 ./Drivers/STM32F7xx_HAL_Driver/Src/stm32f7xx_hal_tim.o
 .ARM.attributes
                0x00000681       0x32 ./Drivers/STM32F7xx_HAL_Driver/Src/stm32f7xx_hal_tim_ex.o
 .ARM.attributes
                0x000006b3       0x32 ./Drivers/STM32F7xx_HAL_Driver/Src/stm32f7xx_hal_uart.o
 .ARM.attributes
                0x000006e5       0x32 ./Drivers/STM32F7xx_HAL_Driver/Src/stm32f7xx_ll_usb.o
 .ARM.attributes
                0x00000717       0x32 C:/ST/STM32CubeIDE_1.16.1/STM32CubeIDE/plugins/com.st.stm32cube.ide.mcu.externaltools.gnu-tools-for-stm32.12.3.rel1.win32_1.0.200.202406191623/tools/bin/../lib/gcc/arm-none-eabi/12.3.1/../../../../arm-none-eabi/lib/thumb/v7e-m+dp/hard\libc_nano.a(libc_a-atoi.o)
 .ARM.attributes
                0x00000749       0x32 C:/ST/STM32CubeIDE_1.16.1/STM32CubeIDE/plugins/com.st.stm32cube.ide.mcu.externaltools.gnu-tools-for-stm32.12.3.rel1.win32_1.0.200.202406191623/tools/bin/../lib/gcc/arm-none-eabi/12.3.1/../../../../arm-none-eabi/lib/thumb/v7e-m+dp/hard\libc_nano.a(libc_a-strtol.o)
 .ARM.attributes
                0x0000077b       0x32 C:/ST/STM32CubeIDE_1.16.1/STM32CubeIDE/plugins/com.st.stm32cube.ide.mcu.externaltools.gnu-tools-for-stm32.12.3.rel1.win32_1.0.200.202406191623/tools/bin/../lib/gcc/arm-none-eabi/12.3.1/../../../../arm-none-eabi/lib/thumb/v7e-m+dp/hard\libc_nano.a(libc_a-ctype_.o)
 .ARM.attributes
                0x000007ad       0x32 C:/ST/STM32CubeIDE_1.16.1/STM32CubeIDE/plugins/com.st.stm32cube.ide.mcu.externaltools.gnu-tools-for-stm32.12.3.rel1.win32_1.0.200.202406191623/tools/bin/../lib/gcc/arm-none-eabi/12.3.1/../../../../arm-none-eabi/lib/thumb/v7e-m+dp/hard\libc_nano.a(libc_a-findfp.o)
 .ARM.attributes
                0x000007df       0x32 C:/ST/STM32CubeIDE_1.16.1/STM32CubeIDE/plugins/com.st.stm32cube.ide.mcu.externaltools.gnu-tools-for-stm32.12.3.rel1.win32_1.0.200.202406191623/tools/bin/../lib/gcc/arm-none-eabi/12.3.1/../../../../arm-none-eabi/lib/thumb/v7e-m+dp/hard\libc_nano.a(libc_a-sprintf.o)
 .ARM.attributes
                0x00000811       0x32 C:/ST/STM32CubeIDE_1.16.1/STM32CubeIDE/plugins/com.st.stm32cube.ide.mcu.externaltools.gnu-tools-for-stm32.12.3.rel1.win32_1.0.200.202406191623/tools/bin/../lib/gcc/arm-none-eabi/12.3.1/../../../../arm-none-eabi/lib/thumb/v7e-m+dp/hard\libc_nano.a(libc_a-memset.o)
 .ARM.attributes
                0x00000843       0x32 C:/ST/STM32CubeIDE_1.16.1/STM32CubeIDE/plugins/com.st.stm32cube.ide.mcu.externaltools.gnu-tools-for-stm32.12.3.rel1.win32_1.0.200.202406191623/tools/bin/../lib/gcc/arm-none-eabi/12.3.1/../../../../arm-none-eabi/lib/thumb/v7e-m+dp/hard\libc_nano.a(libc_a-reent.o)
 .ARM.attributes
                0x00000875       0x32 C:/ST/STM32CubeIDE_1.16.1/STM32CubeIDE/plugins/com.st.stm32cube.ide.mcu.externaltools.gnu-tools-for-stm32.12.3.rel1.win32_1.0.200.202406191623/tools/bin/../lib/gcc/arm-none-eabi/12.3.1/../../../../arm-none-eabi/lib/thumb/v7e-m+dp/hard\libc_nano.a(libc_a-impure.o)
 .ARM.attributes
                0x000008a7       0x32 C:/ST/STM32CubeIDE_1.16.1/STM32CubeIDE/plugins/com.st.stm32cube.ide.mcu.externaltools.gnu-tools-for-stm32.12.3.rel1.win32_1.0.200.202406191623/tools/bin/../lib/gcc/arm-none-eabi/12.3.1/../../../../arm-none-eabi/lib/thumb/v7e-m+dp/hard\libc_nano.a(libc_a-errno.o)
 .ARM.attributes
                0x000008d9       0x32 C:/ST/STM32CubeIDE_1.16.1/STM32CubeIDE/plugins/com.st.stm32cube.ide.mcu.externaltools.gnu-tools-for-stm32.12.3.rel1.win32_1.0.200.202406191623/tools/bin/../lib/gcc/arm-none-eabi/12.3.1/../../../../arm-none-eabi/lib/thumb/v7e-m+dp/hard\libc_nano.a(libc_a-init.o)
 .ARM.attributes
                0x0000090b       0x32 C:/ST/STM32CubeIDE_1.16.1/STM32CubeIDE/plugins/com.st.stm32cube.ide.mcu.externaltools.gnu-tools-for-stm32.12.3.rel1.win32_1.0.200.202406191623/tools/bin/../lib/gcc/arm-none-eabi/12.3.1/../../../../arm-none-eabi/lib/thumb/v7e-m+dp/hard\libc_nano.a(libc_a-lock.o)
 .ARM.attributes
                0x0000093d       0x32 C:/ST/STM32CubeIDE_1.16.1/STM32CubeIDE/plugins/com.st.stm32cube.ide.mcu.externaltools.gnu-tools-for-stm32.12.3.rel1.win32_1.0.200.202406191623/tools/bin/../lib/gcc/arm-none-eabi/12.3.1/../../../../arm-none-eabi/lib/thumb/v7e-m+dp/hard\libc_nano.a(libc_a-memcpy-stub.o)
 .ARM.attributes
                0x0000096f       0x17 C:/ST/STM32CubeIDE_1.16.1/STM32CubeIDE/plugins/com.st.stm32cube.ide.mcu.externaltools.gnu-tools-for-stm32.12.3.rel1.win32_1.0.200.202406191623/tools/bin/../lib/gcc/arm-none-eabi/12.3.1/../../../../arm-none-eabi/lib/thumb/v7e-m+dp/hard\libc_nano.a(libc_a-strlen.o)
 .ARM.attributes
                0x00000986       0x32 C:/ST/STM32CubeIDE_1.16.1/STM32CubeIDE/plugins/com.st.stm32cube.ide.mcu.externaltools.gnu-tools-for-stm32.12.3.rel1.win32_1.0.200.202406191623/tools/bin/../lib/gcc/arm-none-eabi/12.3.1/../../../../arm-none-eabi/lib/thumb/v7e-m+dp/hard\libc_nano.a(libc_a-freer.o)
 .ARM.attributes
                0x000009b8       0x32 C:/ST/STM32CubeIDE_1.16.1/STM32CubeIDE/plugins/com.st.stm32cube.ide.mcu.externaltools.gnu-tools-for-stm32.12.3.rel1.win32_1.0.200.202406191623/tools/bin/../lib/gcc/arm-none-eabi/12.3.1/../../../../arm-none-eabi/lib/thumb/v7e-m+dp/hard\libc_nano.a(libc_a-mallocr.o)
 .ARM.attributes
                0x000009ea       0x32 C:/ST/STM32CubeIDE_1.16.1/STM32CubeIDE/plugins/com.st.stm32cube.ide.mcu.externaltools.gnu-tools-for-stm32.12.3.rel1.win32_1.0.200.202406191623/tools/bin/../lib/gcc/arm-none-eabi/12.3.1/../../../../arm-none-eabi/lib/thumb/v7e-m+dp/hard\libc_nano.a(libc_a-mlock.o)
 .ARM.attributes
                0x00000a1c       0x32 C:/ST/STM32CubeIDE_1.16.1/STM32CubeIDE/plugins/com.st.stm32cube.ide.mcu.externaltools.gnu-tools-for-stm32.12.3.rel1.win32_1.0.200.202406191623/tools/bin/../lib/gcc/arm-none-eabi/12.3.1/../../../../arm-none-eabi/lib/thumb/v7e-m+dp/hard\libc_nano.a(libc_a-nano-svfprintf.o)
 .ARM.attributes
                0x00000a4e       0x32 C:/ST/STM32CubeIDE_1.16.1/STM32CubeIDE/plugins/com.st.stm32cube.ide.mcu.externaltools.gnu-tools-for-stm32.12.3.rel1.win32_1.0.200.202406191623/tools/bin/../lib/gcc/arm-none-eabi/12.3.1/../../../../arm-none-eabi/lib/thumb/v7e-m+dp/hard\libc_nano.a(libc_a-nano-vfprintf_i.o)
 .ARM.attributes
                0x00000a80       0x32 C:/ST/STM32CubeIDE_1.16.1/STM32CubeIDE/plugins/com.st.stm32cube.ide.mcu.externaltools.gnu-tools-for-stm32.12.3.rel1.win32_1.0.200.202406191623/tools/bin/../lib/gcc/arm-none-eabi/12.3.1/../../../../arm-none-eabi/lib/thumb/v7e-m+dp/hard\libc_nano.a(libc_a-memmove.o)
 .ARM.attributes
                0x00000ab2       0x32 C:/ST/STM32CubeIDE_1.16.1/STM32CubeIDE/plugins/com.st.stm32cube.ide.mcu.externaltools.gnu-tools-for-stm32.12.3.rel1.win32_1.0.200.202406191623/tools/bin/../lib/gcc/arm-none-eabi/12.3.1/../../../../arm-none-eabi/lib/thumb/v7e-m+dp/hard\libc_nano.a(libc_a-sbrkr.o)
 .ARM.attributes
                0x00000ae4       0x1c C:/ST/STM32CubeIDE_1.16.1/STM32CubeIDE/plugins/com.st.stm32cube.ide.mcu.externaltools.gnu-tools-for-stm32.12.3.rel1.win32_1.0.200.202406191623/tools/bin/../lib/gcc/arm-none-eabi/12.3.1/../../../../arm-none-eabi/lib/thumb/v7e-m+dp/hard\libc_nano.a(libc_a-memchr.o)
 .ARM.attributes
                0x00000b00       0x32 C:/ST/STM32CubeIDE_1.16.1/STM32CubeIDE/plugins/com.st.stm32cube.ide.mcu.externaltools.gnu-tools-for-stm32.12.3.rel1.win32_1.0.200.202406191623/tools/bin/../lib/gcc/arm-none-eabi/12.3.1/../../../../arm-none-eabi/lib/thumb/v7e-m+dp/hard\libc_nano.a(libc_a-reallocr.o)
 .ARM.attributes
                0x00000b32       0x32 C:/ST/STM32CubeIDE_1.16.1/STM32CubeIDE/plugins/com.st.stm32cube.ide.mcu.externaltools.gnu-tools-for-stm32.12.3.rel1.win32_1.0.200.202406191623/tools/bin/../lib/gcc/arm-none-eabi/12.3.1/../../../../arm-none-eabi/lib/thumb/v7e-m+dp/hard\libc_nano.a(libc_a-msizer.o)
 .ARM.attributes
                0x00000b64       0x32 C:/ST/STM32CubeIDE_1.16.1/STM32CubeIDE/plugins/com.st.stm32cube.ide.mcu.externaltools.gnu-tools-for-stm32.12.3.rel1.win32_1.0.200.202406191623/tools/bin/../lib/gcc/arm-none-eabi/12.3.1/../../../../arm-none-eabi/lib/thumb/v7e-m+dp/hard\libm.a(libm_a-sf_fmax.o)
 .ARM.attributes
                0x00000b96       0x32 C:/ST/STM32CubeIDE_1.16.1/STM32CubeIDE/plugins/com.st.stm32cube.ide.mcu.externaltools.gnu-tools-for-stm32.12.3.rel1.win32_1.0.200.202406191623/tools/bin/../lib/gcc/arm-none-eabi/12.3.1/../../../../arm-none-eabi/lib/thumb/v7e-m+dp/hard\libm.a(libm_a-sf_fmin.o)
 .ARM.attributes
                0x00000bc8       0x32 C:/ST/STM32CubeIDE_1.16.1/STM32CubeIDE/plugins/com.st.stm32cube.ide.mcu.externaltools.gnu-tools-for-stm32.12.3.rel1.win32_1.0.200.202406191623/tools/bin/../lib/gcc/arm-none-eabi/12.3.1/../../../../arm-none-eabi/lib/thumb/v7e-m+dp/hard\libm.a(libm_a-sf_fpclassify.o)
 .ARM.attributes
                0x00000bfa       0x20 C:/ST/STM32CubeIDE_1.16.1/STM32CubeIDE/plugins/com.st.stm32cube.ide.mcu.externaltools.gnu-tools-for-stm32.12.3.rel1.win32_1.0.200.202406191623/tools/bin/../lib/gcc/arm-none-eabi/12.3.1/thumb/v7e-m+dp/hard\libgcc.a(_aeabi_uldivmod.o)
 .ARM.attributes
                0x00000c1a       0x32 C:/ST/STM32CubeIDE_1.16.1/STM32CubeIDE/plugins/com.st.stm32cube.ide.mcu.externaltools.gnu-tools-for-stm32.12.3.rel1.win32_1.0.200.202406191623/tools/bin/../lib/gcc/arm-none-eabi/12.3.1/thumb/v7e-m+dp/hard\libgcc.a(_udivmoddi4.o)
 .ARM.attributes
                0x00000c4c       0x20 C:/ST/STM32CubeIDE_1.16.1/STM32CubeIDE/plugins/com.st.stm32cube.ide.mcu.externaltools.gnu-tools-for-stm32.12.3.rel1.win32_1.0.200.202406191623/tools/bin/../lib/gcc/arm-none-eabi/12.3.1/thumb/v7e-m+dp/hard\libgcc.a(_dvmd_tls.o)
 .ARM.attributes
                0x00000c6c       0x20 C:/ST/STM32CubeIDE_1.16.1/STM32CubeIDE/plugins/com.st.stm32cube.ide.mcu.externaltools.gnu-tools-for-stm32.12.3.rel1.win32_1.0.200.202406191623/tools/bin/../lib/gcc/arm-none-eabi/12.3.1/thumb/v7e-m+dp/hard/crtn.o
OUTPUT(FINAL_PROJECT_MICRO.elf elf32-littlearm)
LOAD linker stubs
LOAD C:/ST/STM32CubeIDE_1.16.1/STM32CubeIDE/plugins/com.st.stm32cube.ide.mcu.externaltools.gnu-tools-for-stm32.12.3.rel1.win32_1.0.200.202406191623/tools/bin/../lib/gcc/arm-none-eabi/12.3.1/../../../../arm-none-eabi/lib/thumb/v7e-m+dp/hard\libc.a
LOAD C:/ST/STM32CubeIDE_1.16.1/STM32CubeIDE/plugins/com.st.stm32cube.ide.mcu.externaltools.gnu-tools-for-stm32.12.3.rel1.win32_1.0.200.202406191623/tools/bin/../lib/gcc/arm-none-eabi/12.3.1/../../../../arm-none-eabi/lib/thumb/v7e-m+dp/hard\libm.a
LOAD C:/ST/STM32CubeIDE_1.16.1/STM32CubeIDE/plugins/com.st.stm32cube.ide.mcu.externaltools.gnu-tools-for-stm32.12.3.rel1.win32_1.0.200.202406191623/tools/bin/../lib/gcc/arm-none-eabi/12.3.1/thumb/v7e-m+dp/hard\libgcc.a

.debug_info     0x00000000    0x1d5cb
 .debug_info    0x00000000      0x33a ./Core/Src/btn.o
 .debug_info    0x0000033a      0x2d6 ./Core/Src/dio.o
 .debug_info    0x00000610      0x4b5 ./Core/Src/gpio.o
 .debug_info    0x00000ac5      0xc4a ./Core/Src/i2c.o
 .debug_info    0x0000170f      0x3b8 ./Core/Src/keypad.o
 .debug_info    0x00001ac7     0x1958 ./Core/Src/main.o
 .debug_info    0x0000341f      0x7bf ./Core/Src/pwm.o
 .debug_info    0x00003bde      0xc67 ./Core/Src/rc522.o
 .debug_info    0x00004845      0x805 ./Core/Src/servo.o
 .debug_info    0x0000504a      0x98e ./Core/Src/spi.o
 .debug_info    0x000059d8      0x28d ./Core/Src/stm32f7xx_hal_msp.o
 .debug_info    0x00005c65      0x71e ./Core/Src/stm32f7xx_it.o
 .debug_info    0x00006383      0x168 ./Core/Src/sysmem.o
 .debug_info    0x000064eb      0x6ed ./Core/Src/system_stm32f7xx.o
 .debug_info    0x00006bd8      0xd96 ./Core/Src/tim.o
 .debug_info    0x0000796e      0xf92 ./Core/Src/usart.o
 .debug_info    0x00008900      0xc1d ./Core/Src/usb_otg.o
 .debug_info    0x0000951d       0x30 ./Core/Startup/startup_stm32f767zitx.o
 .debug_info    0x0000954d      0xa4c ./Drivers/STM32F7xx_HAL_Driver/Src/stm32f7xx_hal.o
 .debug_info    0x00009f99      0xfc0 ./Drivers/STM32F7xx_HAL_Driver/Src/stm32f7xx_hal_cortex.o
 .debug_info    0x0000af59      0x8e7 ./Drivers/STM32F7xx_HAL_Driver/Src/stm32f7xx_hal_dma.o
 .debug_info    0x0000b840      0x6f3 ./Drivers/STM32F7xx_HAL_Driver/Src/stm32f7xx_hal_gpio.o
 .debug_info    0x0000bf33     0x2138 ./Drivers/STM32F7xx_HAL_Driver/Src/stm32f7xx_hal_i2c.o
 .debug_info    0x0000e06b      0x92e ./Drivers/STM32F7xx_HAL_Driver/Src/stm32f7xx_hal_i2c_ex.o
 .debug_info    0x0000e999     0x1599 ./Drivers/STM32F7xx_HAL_Driver/Src/stm32f7xx_hal_pcd.o
 .debug_info    0x0000ff32      0x7a3 ./Drivers/STM32F7xx_HAL_Driver/Src/stm32f7xx_hal_pcd_ex.o
 .debug_info    0x000106d5      0x90e ./Drivers/STM32F7xx_HAL_Driver/Src/stm32f7xx_hal_pwr.o
 .debug_info    0x00010fe3      0x8cd ./Drivers/STM32F7xx_HAL_Driver/Src/stm32f7xx_hal_pwr_ex.o
 .debug_info    0x000118b0      0x937 ./Drivers/STM32F7xx_HAL_Driver/Src/stm32f7xx_hal_rcc.o
 .debug_info    0x000121e7      0x6e1 ./Drivers/STM32F7xx_HAL_Driver/Src/stm32f7xx_hal_rcc_ex.o
 .debug_info    0x000128c8     0x169b ./Drivers/STM32F7xx_HAL_Driver/Src/stm32f7xx_hal_spi.o
 .debug_info    0x00013f63     0x2ad5 ./Drivers/STM32F7xx_HAL_Driver/Src/stm32f7xx_hal_tim.o
 .debug_info    0x00016a38     0x16bb ./Drivers/STM32F7xx_HAL_Driver/Src/stm32f7xx_hal_tim_ex.o
 .debug_info    0x000180f3     0x3adc ./Drivers/STM32F7xx_HAL_Driver/Src/stm32f7xx_hal_uart.o
 .debug_info    0x0001bbcf     0x19fc ./Drivers/STM32F7xx_HAL_Driver/Src/stm32f7xx_ll_usb.o

.debug_abbrev   0x00000000     0x45c7
 .debug_abbrev  0x00000000      0x176 ./Core/Src/btn.o
 .debug_abbrev  0x00000176      0x190 ./Core/Src/dio.o
 .debug_abbrev  0x00000306      0x152 ./Core/Src/gpio.o
 .debug_abbrev  0x00000458      0x217 ./Core/Src/i2c.o
 .debug_abbrev  0x0000066f      0x198 ./Core/Src/keypad.o
 .debug_abbrev  0x00000807      0x368 ./Core/Src/main.o
 .debug_abbrev  0x00000b6f      0x1b3 ./Core/Src/pwm.o
 .debug_abbrev  0x00000d22      0x29c ./Core/Src/rc522.o
 .debug_abbrev  0x00000fbe      0x1d6 ./Core/Src/servo.o
 .debug_abbrev  0x00001194      0x1f3 ./Core/Src/spi.o
 .debug_abbrev  0x00001387       0xd8 ./Core/Src/stm32f7xx_hal_msp.o
 .debug_abbrev  0x0000145f      0x174 ./Core/Src/stm32f7xx_it.o
 .debug_abbrev  0x000015d3       0xbc ./Core/Src/sysmem.o
 .debug_abbrev  0x0000168f      0x13b ./Core/Src/system_stm32f7xx.o
 .debug_abbrev  0x000017ca      0x256 ./Core/Src/tim.o
 .debug_abbrev  0x00001a20      0x218 ./Core/Src/usart.o
 .debug_abbrev  0x00001c38      0x230 ./Core/Src/usb_otg.o
 .debug_abbrev  0x00001e68       0x24 ./Core/Startup/startup_stm32f767zitx.o
 .debug_abbrev  0x00001e8c      0x213 ./Drivers/STM32F7xx_HAL_Driver/Src/stm32f7xx_hal.o
 .debug_abbrev  0x0000209f      0x31e ./Drivers/STM32F7xx_HAL_Driver/Src/stm32f7xx_hal_cortex.o
 .debug_abbrev  0x000023bd      0x264 ./Drivers/STM32F7xx_HAL_Driver/Src/stm32f7xx_hal_dma.o
 .debug_abbrev  0x00002621      0x1d4 ./Drivers/STM32F7xx_HAL_Driver/Src/stm32f7xx_hal_gpio.o
 .debug_abbrev  0x000027f5      0x260 ./Drivers/STM32F7xx_HAL_Driver/Src/stm32f7xx_hal_i2c.o
 .debug_abbrev  0x00002a55      0x19c ./Drivers/STM32F7xx_HAL_Driver/Src/stm32f7xx_hal_i2c_ex.o
 .debug_abbrev  0x00002bf1      0x2ee ./Drivers/STM32F7xx_HAL_Driver/Src/stm32f7xx_hal_pcd.o
 .debug_abbrev  0x00002edf      0x1ca ./Drivers/STM32F7xx_HAL_Driver/Src/stm32f7xx_hal_pcd_ex.o
 .debug_abbrev  0x000030a9      0x1c5 ./Drivers/STM32F7xx_HAL_Driver/Src/stm32f7xx_hal_pwr.o
 .debug_abbrev  0x0000326e      0x1d5 ./Drivers/STM32F7xx_HAL_Driver/Src/stm32f7xx_hal_pwr_ex.o
 .debug_abbrev  0x00003443      0x2de ./Drivers/STM32F7xx_HAL_Driver/Src/stm32f7xx_hal_rcc.o
 .debug_abbrev  0x00003721      0x1c9 ./Drivers/STM32F7xx_HAL_Driver/Src/stm32f7xx_hal_rcc_ex.o
 .debug_abbrev  0x000038ea      0x269 ./Drivers/STM32F7xx_HAL_Driver/Src/stm32f7xx_hal_spi.o
 .debug_abbrev  0x00003b53      0x278 ./Drivers/STM32F7xx_HAL_Driver/Src/stm32f7xx_hal_tim.o
 .debug_abbrev  0x00003dcb      0x283 ./Drivers/STM32F7xx_HAL_Driver/Src/stm32f7xx_hal_tim_ex.o
 .debug_abbrev  0x0000404e      0x2e6 ./Drivers/STM32F7xx_HAL_Driver/Src/stm32f7xx_hal_uart.o
 .debug_abbrev  0x00004334      0x293 ./Drivers/STM32F7xx_HAL_Driver/Src/stm32f7xx_ll_usb.o

.debug_aranges  0x00000000     0x18a8
 .debug_aranges
                0x00000000       0x38 ./Core/Src/btn.o
 .debug_aranges
                0x00000038       0x40 ./Core/Src/dio.o
 .debug_aranges
                0x00000078       0x20 ./Core/Src/gpio.o
 .debug_aranges
                0x00000098       0x30 ./Core/Src/i2c.o
 .debug_aranges
                0x000000c8       0x20 ./Core/Src/keypad.o
 .debug_aranges
                0x000000e8       0x50 ./Core/Src/main.o
 .debug_aranges
                0x00000138       0x30 ./Core/Src/pwm.o
 .debug_aranges
                0x00000168       0xa8 ./Core/Src/rc522.o
 .debug_aranges
                0x00000210       0x30 ./Core/Src/servo.o
 .debug_aranges
                0x00000240       0x30 ./Core/Src/spi.o
 .debug_aranges
                0x00000270       0x20 ./Core/Src/stm32f7xx_hal_msp.o
 .debug_aranges
                0x00000290       0x68 ./Core/Src/stm32f7xx_it.o
 .debug_aranges
                0x000002f8       0x20 ./Core/Src/sysmem.o
 .debug_aranges
                0x00000318       0x28 ./Core/Src/system_stm32f7xx.o
 .debug_aranges
                0x00000340       0x58 ./Core/Src/tim.o
 .debug_aranges
                0x00000398       0x30 ./Core/Src/usart.o
 .debug_aranges
                0x000003c8       0x30 ./Core/Src/usb_otg.o
 .debug_aranges
                0x000003f8       0x28 ./Core/Startup/startup_stm32f767zitx.o
 .debug_aranges
                0x00000420      0x110 ./Drivers/STM32F7xx_HAL_Driver/Src/stm32f7xx_hal.o
 .debug_aranges
                0x00000530      0x128 ./Drivers/STM32F7xx_HAL_Driver/Src/stm32f7xx_hal_cortex.o
 .debug_aranges
                0x00000658       0x90 ./Drivers/STM32F7xx_HAL_Driver/Src/stm32f7xx_hal_dma.o
 .debug_aranges
                0x000006e8       0x58 ./Drivers/STM32F7xx_HAL_Driver/Src/stm32f7xx_hal_gpio.o
 .debug_aranges
                0x00000740      0x2a0 ./Drivers/STM32F7xx_HAL_Driver/Src/stm32f7xx_hal_i2c.o
 .debug_aranges
                0x000009e0       0x38 ./Drivers/STM32F7xx_HAL_Driver/Src/stm32f7xx_hal_i2c_ex.o
 .debug_aranges
                0x00000a18      0x148 ./Drivers/STM32F7xx_HAL_Driver/Src/stm32f7xx_hal_pcd.o
 .debug_aranges
                0x00000b60       0x48 ./Drivers/STM32F7xx_HAL_Driver/Src/stm32f7xx_hal_pcd_ex.o
 .debug_aranges
                0x00000ba8       0xa0 ./Drivers/STM32F7xx_HAL_Driver/Src/stm32f7xx_hal_pwr.o
 .debug_aranges
                0x00000c48       0x80 ./Drivers/STM32F7xx_HAL_Driver/Src/stm32f7xx_hal_pwr_ex.o
 .debug_aranges
                0x00000cc8       0x88 ./Drivers/STM32F7xx_HAL_Driver/Src/stm32f7xx_hal_rcc.o
 .debug_aranges
                0x00000d50       0x50 ./Drivers/STM32F7xx_HAL_Driver/Src/stm32f7xx_hal_rcc_ex.o
 .debug_aranges
                0x00000da0      0x1d8 ./Drivers/STM32F7xx_HAL_Driver/Src/stm32f7xx_hal_spi.o
 .debug_aranges
                0x00000f78      0x3e0 ./Drivers/STM32F7xx_HAL_Driver/Src/stm32f7xx_hal_tim.o
 .debug_aranges
                0x00001358      0x180 ./Drivers/STM32F7xx_HAL_Driver/Src/stm32f7xx_hal_tim_ex.o
 .debug_aranges
                0x000014d8      0x230 ./Drivers/STM32F7xx_HAL_Driver/Src/stm32f7xx_hal_uart.o
 .debug_aranges
                0x00001708      0x1a0 ./Drivers/STM32F7xx_HAL_Driver/Src/stm32f7xx_ll_usb.o

.debug_rnglists
                0x00000000     0x1312
 .debug_rnglists
                0x00000000       0x25 ./Core/Src/btn.o
 .debug_rnglists
                0x00000025       0x2b ./Core/Src/dio.o
 .debug_rnglists
                0x00000050       0x14 ./Core/Src/gpio.o
 .debug_rnglists
                0x00000064       0x21 ./Core/Src/i2c.o
 .debug_rnglists
                0x00000085       0x14 ./Core/Src/keypad.o
 .debug_rnglists
                0x00000099       0x39 ./Core/Src/main.o
 .debug_rnglists
                0x000000d2       0x20 ./Core/Src/pwm.o
 .debug_rnglists
                0x000000f2       0x7e ./Core/Src/rc522.o
 .debug_rnglists
                0x00000170       0x1f ./Core/Src/servo.o
 .debug_rnglists
                0x0000018f       0x20 ./Core/Src/spi.o
 .debug_rnglists
                0x000001af       0x13 ./Core/Src/stm32f7xx_hal_msp.o
 .debug_rnglists
                0x000001c2       0x49 ./Core/Src/stm32f7xx_it.o
 .debug_rnglists
                0x0000020b       0x13 ./Core/Src/sysmem.o
 .debug_rnglists
                0x0000021e       0x1a ./Core/Src/system_stm32f7xx.o
 .debug_rnglists
                0x00000238       0x41 ./Core/Src/tim.o
 .debug_rnglists
                0x00000279       0x20 ./Core/Src/usart.o
 .debug_rnglists
                0x00000299       0x20 ./Core/Src/usb_otg.o
 .debug_rnglists
                0x000002b9       0x19 ./Core/Startup/startup_stm32f767zitx.o
 .debug_rnglists
                0x000002d2       0xc7 ./Drivers/STM32F7xx_HAL_Driver/Src/stm32f7xx_hal.o
 .debug_rnglists
                0x00000399       0xda ./Drivers/STM32F7xx_HAL_Driver/Src/stm32f7xx_hal_cortex.o
 .debug_rnglists
                0x00000473       0x70 ./Drivers/STM32F7xx_HAL_Driver/Src/stm32f7xx_hal_dma.o
 .debug_rnglists
                0x000004e3       0x3f ./Drivers/STM32F7xx_HAL_Driver/Src/stm32f7xx_hal_gpio.o
 .debug_rnglists
                0x00000522      0x228 ./Drivers/STM32F7xx_HAL_Driver/Src/stm32f7xx_hal_i2c.o
 .debug_rnglists
                0x0000074a       0x27 ./Drivers/STM32F7xx_HAL_Driver/Src/stm32f7xx_hal_i2c_ex.o
 .debug_rnglists
                0x00000771       0xfa ./Drivers/STM32F7xx_HAL_Driver/Src/stm32f7xx_hal_pcd.o
 .debug_rnglists
                0x0000086b       0x32 ./Drivers/STM32F7xx_HAL_Driver/Src/stm32f7xx_hal_pcd_ex.o
 .debug_rnglists
                0x0000089d       0x74 ./Drivers/STM32F7xx_HAL_Driver/Src/stm32f7xx_hal_pwr.o
 .debug_rnglists
                0x00000911       0x5f ./Drivers/STM32F7xx_HAL_Driver/Src/stm32f7xx_hal_pwr_ex.o
 .debug_rnglists
                0x00000970       0x67 ./Drivers/STM32F7xx_HAL_Driver/Src/stm32f7xx_hal_rcc.o
 .debug_rnglists
                0x000009d7       0x3c ./Drivers/STM32F7xx_HAL_Driver/Src/stm32f7xx_hal_rcc_ex.o
 .debug_rnglists
                0x00000a13      0x178 ./Drivers/STM32F7xx_HAL_Driver/Src/stm32f7xx_hal_spi.o
 .debug_rnglists
                0x00000b8b      0x328 ./Drivers/STM32F7xx_HAL_Driver/Src/stm32f7xx_hal_tim.o
 .debug_rnglists
                0x00000eb3      0x138 ./Drivers/STM32F7xx_HAL_Driver/Src/stm32f7xx_hal_tim_ex.o
 .debug_rnglists
                0x00000feb      0x1e0 ./Drivers/STM32F7xx_HAL_Driver/Src/stm32f7xx_hal_uart.o
 .debug_rnglists
                0x000011cb      0x147 ./Drivers/STM32F7xx_HAL_Driver/Src/stm32f7xx_ll_usb.o

.debug_macro    0x00000000    0x2b660
 .debug_macro   0x00000000      0x23c ./Core/Src/btn.o
 .debug_macro   0x0000023c      0xacc ./Core/Src/btn.o
 .debug_macro   0x00000d08      0x29f ./Core/Src/btn.o
 .debug_macro   0x00000fa7       0x2e ./Core/Src/btn.o
 .debug_macro   0x00000fd5       0x3b ./Core/Src/btn.o
 .debug_macro   0x00001010       0x22 ./Core/Src/btn.o
 .debug_macro   0x00001032       0x8e ./Core/Src/btn.o
 .debug_macro   0x000010c0       0x51 ./Core/Src/btn.o
 .debug_macro   0x00001111      0x103 ./Core/Src/btn.o
 .debug_macro   0x00001214       0x6a ./Core/Src/btn.o
 .debug_macro   0x0000127e      0x1df ./Core/Src/btn.o
 .debug_macro   0x0000145d       0x1c ./Core/Src/btn.o
 .debug_macro   0x00001479       0x22 ./Core/Src/btn.o
 .debug_macro   0x0000149b       0xd9 ./Core/Src/btn.o
 .debug_macro   0x00001574     0x12cd ./Core/Src/btn.o
 .debug_macro   0x00002841      0x11f ./Core/Src/btn.o
 .debug_macro   0x00002960       0x19 ./Core/Src/btn.o
 .debug_macro   0x00002979    0x1aa23 ./Core/Src/btn.o
 .debug_macro   0x0001d39c       0x6d ./Core/Src/btn.o
 .debug_macro   0x0001d409     0x3765 ./Core/Src/btn.o
 .debug_macro   0x00020b6e      0x189 ./Core/Src/btn.o
 .debug_macro   0x00020cf7       0x63 ./Core/Src/btn.o
 .debug_macro   0x00020d5a     0x1add ./Core/Src/btn.o
 .debug_macro   0x00022837      0x6c4 ./Core/Src/btn.o
 .debug_macro   0x00022efb      0x18b ./Core/Src/btn.o
 .debug_macro   0x00023086      0x115 ./Core/Src/btn.o
 .debug_macro   0x0002319b      0x26e ./Core/Src/btn.o
 .debug_macro   0x00023409       0xa5 ./Core/Src/btn.o
 .debug_macro   0x000234ae      0x24f ./Core/Src/btn.o
 .debug_macro   0x000236fd       0x71 ./Core/Src/btn.o
 .debug_macro   0x0002376e       0x58 ./Core/Src/btn.o
 .debug_macro   0x000237c6      0x236 ./Core/Src/btn.o
 .debug_macro   0x000239fc      0x14e ./Core/Src/btn.o
 .debug_macro   0x00023b4a      0x3db ./Core/Src/btn.o
 .debug_macro   0x00023f25       0x12 ./Core/Src/btn.o
 .debug_macro   0x00023f37      0x22c ./Core/Src/btn.o
 .debug_macro   0x00024163       0x61 ./Core/Src/btn.o
 .debug_macro   0x000241c4       0xa5 ./Core/Src/btn.o
 .debug_macro   0x00024269      0x12e ./Core/Src/btn.o
 .debug_macro   0x00024397      0x108 ./Core/Src/btn.o
 .debug_macro   0x0002449f       0x35 ./Core/Src/btn.o
 .debug_macro   0x000244d4      0x2fe ./Core/Src/btn.o
 .debug_macro   0x000247d2      0xa91 ./Core/Src/btn.o
 .debug_macro   0x00025263       0xa9 ./Core/Src/btn.o
 .debug_macro   0x0002530c      0x5ba ./Core/Src/btn.o
 .debug_macro   0x000258c6       0x44 ./Core/Src/btn.o
 .debug_macro   0x0002590a      0x2cb ./Core/Src/btn.o
 .debug_macro   0x00025bd5       0xba ./Core/Src/btn.o
 .debug_macro   0x00025c8f      0x15b ./Core/Src/btn.o
 .debug_macro   0x00025dea      0x22c ./Core/Src/dio.o
 .debug_macro   0x00026016      0x235 ./Core/Src/gpio.o
 .debug_macro   0x0002624b      0x1fe ./Core/Src/gpio.o
 .debug_macro   0x00026449      0x235 ./Core/Src/i2c.o
 .debug_macro   0x0002667e      0x24b ./Core/Src/keypad.o
 .debug_macro   0x000268c9       0x16 ./Core/Src/keypad.o
 .debug_macro   0x000268df      0x2b5 ./Core/Src/main.o
 .debug_macro   0x00026b94      0x23e ./Core/Src/main.o
 .debug_macro   0x00026dd2       0x10 ./Core/Src/main.o
 .debug_macro   0x00026de2       0x10 ./Core/Src/main.o
 .debug_macro   0x00026df2      0x22c ./Core/Src/pwm.o
 .debug_macro   0x0002701e      0x225 ./Core/Src/rc522.o
 .debug_macro   0x00027243      0x2fc ./Core/Src/servo.o
 .debug_macro   0x0002753f       0x61 ./Core/Src/servo.o
 .debug_macro   0x000275a0       0x29 ./Core/Src/servo.o
 .debug_macro   0x000275c9       0x43 ./Core/Src/servo.o
 .debug_macro   0x0002760c       0x34 ./Core/Src/servo.o
 .debug_macro   0x00027640       0x16 ./Core/Src/servo.o
 .debug_macro   0x00027656       0x43 ./Core/Src/servo.o
 .debug_macro   0x00027699       0x34 ./Core/Src/servo.o
 .debug_macro   0x000276cd       0x10 ./Core/Src/servo.o
 .debug_macro   0x000276dd       0x58 ./Core/Src/servo.o
 .debug_macro   0x00027735       0x8e ./Core/Src/servo.o
 .debug_macro   0x000277c3       0x1c ./Core/Src/servo.o
 .debug_macro   0x000277df      0x177 ./Core/Src/servo.o
 .debug_macro   0x00027956      0x369 ./Core/Src/servo.o
 .debug_macro   0x00027cbf      0x19b ./Core/Src/servo.o
 .debug_macro   0x00027e5a       0x10 ./Core/Src/servo.o
 .debug_macro   0x00027e6a      0x235 ./Core/Src/spi.o
 .debug_macro   0x0002809f      0x22b ./Core/Src/stm32f7xx_hal_msp.o
 .debug_macro   0x000282ca      0x235 ./Core/Src/stm32f7xx_it.o
 .debug_macro   0x000284ff       0xff ./Core/Src/sysmem.o
 .debug_macro   0x000285fe      0x23c ./Core/Src/sysmem.o
 .debug_macro   0x0002883a      0x21c ./Core/Src/system_stm32f7xx.o
 .debug_macro   0x00028a56      0x235 ./Core/Src/tim.o
 .debug_macro   0x00028c8b      0x235 ./Core/Src/usart.o
 .debug_macro   0x00028ec0      0x235 ./Core/Src/usb_otg.o
 .debug_macro   0x000290f5      0x240 ./Drivers/STM32F7xx_HAL_Driver/Src/stm32f7xx_hal.o
 .debug_macro   0x00029335      0x21c ./Drivers/STM32F7xx_HAL_Driver/Src/stm32f7xx_hal_cortex.o
 .debug_macro   0x00029551      0x222 ./Drivers/STM32F7xx_HAL_Driver/Src/stm32f7xx_hal_dma.o
 .debug_macro   0x00029773      0x222 ./Drivers/STM32F7xx_HAL_Driver/Src/stm32f7xx_hal_gpio.o
 .debug_macro   0x00029995      0x2e8 ./Drivers/STM32F7xx_HAL_Driver/Src/stm32f7xx_hal_i2c.o
 .debug_macro   0x00029c7d      0x21c ./Drivers/STM32F7xx_HAL_Driver/Src/stm32f7xx_hal_i2c_ex.o
 .debug_macro   0x00029e99      0x228 ./Drivers/STM32F7xx_HAL_Driver/Src/stm32f7xx_hal_pcd.o
 .debug_macro   0x0002a0c1      0x21c ./Drivers/STM32F7xx_HAL_Driver/Src/stm32f7xx_hal_pcd_ex.o
 .debug_macro   0x0002a2dd      0x23a ./Drivers/STM32F7xx_HAL_Driver/Src/stm32f7xx_hal_pwr.o
 .debug_macro   0x0002a517      0x234 ./Drivers/STM32F7xx_HAL_Driver/Src/stm32f7xx_hal_pwr_ex.o
 .debug_macro   0x0002a74b      0x240 ./Drivers/STM32F7xx_HAL_Driver/Src/stm32f7xx_hal_rcc.o
 .debug_macro   0x0002a98b      0x21c ./Drivers/STM32F7xx_HAL_Driver/Src/stm32f7xx_hal_rcc_ex.o
 .debug_macro   0x0002aba7      0x22b ./Drivers/STM32F7xx_HAL_Driver/Src/stm32f7xx_hal_spi.o
 .debug_macro   0x0002add2      0x21d ./Drivers/STM32F7xx_HAL_Driver/Src/stm32f7xx_hal_tim.o
 .debug_macro   0x0002afef      0x21c ./Drivers/STM32F7xx_HAL_Driver/Src/stm32f7xx_hal_tim_ex.o
 .debug_macro   0x0002b20b      0x239 ./Drivers/STM32F7xx_HAL_Driver/Src/stm32f7xx_hal_uart.o