../Core/Src/rc522.c:9:9:RC522_SPI_Transfer	32	static
../Core/Src/rc522.c:23:6:Write_MFRC522	16	static
../Core/Src/rc522.c:47:7:Read_MFRC522	24	static
../Core/Src/rc522.c:73:6:SetBitMask	24	static
../Core/Src/rc522.c:86:6:ClearBitMask	24	static
../Core/Src/rc522.c:100:6:AntennaOn	8	static
../Core/Src/rc522.c:114:6:AntennaOff	8	static
../Core/Src/rc522.c:125:6:MFRC522_Reset	8	static
../Core/Src/rc522.c:136:6:MFRC522_Init	8	static
../Core/Src/rc522.c:164:7:MFRC522_ToCard	48	static
../Core/Src/rc522.c:284:7:MFRC522_Request	32	static
../Core/Src/rc522.c:308:7:MFRC522_Anticoll	32	static
../Core/Src/rc522.c:343:6:CalulateCRC	40	static
../Core/Src/rc522.c:377:7:MFRC522_SelectTag	48	static
../Core/Src/rc522.c:419:7:MFRC522_Auth	56	static
../Core/Src/rc522.c:452:7:MFRC522_Read	32	static
../Core/Src/rc522.c:476:7:MFRC522_Write	56	static
../Core/Src/rc522.c:517:6:MFRC522_Halt	24	static
